../Core/Src/Interfaces/Display/Sprite.cpp:23:1:Sprite::Sprite(uint16_t, uint16_t, SpriteType, uint16_t*)	24	static
../Core/Src/Interfaces/Display/Sprite.cpp:31:1:Sprite::Sprite(const Sprite&)	16	static
../Core/Src/Interfaces/Display/Sprite.cpp:40:10:Sprite& Sprite::operator=(const Sprite&)	16	static
../Core/Src/Interfaces/Display/Sprite.cpp:52:1:Sprite::~Sprite()	16	static
../Core/Src/Interfaces/Display/Sprite.cpp:52:1:virtual Sprite::~Sprite()	16	static
../Core/Src/Interfaces/Display/Sprite.cpp:59:6:void Sprite::setWidth(uint16_t)	16	static
../Core/Src/Interfaces/Display/Sprite.cpp:66:6:void Sprite::setHeight(uint16_t)	16	static
../Core/Src/Interfaces/Display/Sprite.cpp:73:6:void Sprite::setType(SpriteType)	16	static
../Core/Src/Interfaces/Display/Sprite.cpp:80:6:void Sprite::setData(uint16_t*)	16	static
../Core/Src/Interfaces/Display/Sprite.cpp:90:10:uint16_t Sprite::getWidth() const	16	static
../Core/Src/Interfaces/Display/Sprite.cpp:97:10:uint16_t Sprite::getHeight() const	16	static
../Core/Src/Interfaces/Display/Sprite.cpp:104:11:uint16_t* Sprite::getData() const	16	static
../Core/Src/Interfaces/Display/Sprite.cpp:111:12:SpriteType Sprite::getType() const	16	static
