../Core/Inc/NucleoImp/Display/ILI9341Display.h:28:28:constexpr ili9341_color_t colorToILI9341Color(Color)	16	static
../Core/Inc/Interfaces/Display/Display.h:39:8:constexpr Display::Display()	16	static
../Core/Inc/Interfaces/Display/Display.h:44:11:Display::~Display()	16	static
../Core/Inc/Interfaces/Display/Display.h:44:11:virtual Display::~Display()	16	static
../Core/Src/NucleoImp/Display/ILI9341Display.cpp:16:1:ILI9341Display::ILI9341Display()	16	static
../Core/Src/NucleoImp/Display/ILI9341Display.cpp:22:1:ILI9341Display::~ILI9341Display()	16	static
../Core/Src/NucleoImp/Display/ILI9341Display.cpp:22:1:virtual ILI9341Display::~ILI9341Display()	16	static
../Core/Src/NucleoImp/Display/ILI9341Display.cpp:31:7:void ILI9341Display::setup(SPI_HandleTypeDef*)	56	static
../Core/Src/NucleoImp/Display/ILI9341Display.cpp:48:6:virtual void ILI9341Display::clearScreen()	16	static
../Core/Src/NucleoImp/Display/ILI9341Display.cpp:58:6:virtual void ILI9341Display::fillScreen(Color)	24	static
../Core/Src/NucleoImp/Display/ILI9341Display.cpp:70:6:virtual void ILI9341Display::drawPixel(Color, uint16_t, uint16_t)	32	static
../Core/Src/NucleoImp/Display/ILI9341Display.cpp:84:6:virtual void ILI9341Display::drawLine(Color, uint16_t, uint16_t, uint16_t, uint16_t)	40	static
../Core/Src/NucleoImp/Display/ILI9341Display.cpp:98:6:virtual void ILI9341Display::drawRect(Color, uint16_t, uint16_t, uint16_t, uint16_t)	40	static
../Core/Src/NucleoImp/Display/ILI9341Display.cpp:109:6:virtual void ILI9341Display::drawRect(Color, const Rect&)	48	static
../Core/Src/NucleoImp/Display/ILI9341Display.cpp:124:6:virtual void ILI9341Display::fillRect(Color, uint16_t, uint16_t, uint16_t, uint16_t)	40	static
../Core/Src/NucleoImp/Display/ILI9341Display.cpp:137:6:virtual void ILI9341Display::fillRect(Color, const Rect&)	48	static
../Core/Src/NucleoImp/Display/ILI9341Display.cpp:151:6:virtual void ILI9341Display::drawCircle(Color, uint16_t, uint16_t, uint16_t)	40	static
../Core/Src/NucleoImp/Display/ILI9341Display.cpp:155:6:void ILI9341Display::drawCheckerboard(uint16_t)	56	static
../Core/Src/NucleoImp/Display/ILI9341Display.cpp:177:6:virtual void ILI9341Display::fillCircle(Color, uint16_t, uint16_t, uint16_t)	40	static
../Core/Src/NucleoImp/Display/ILI9341Display.cpp:188:6:virtual void ILI9341Display::drawChar(uint16_t, uint16_t, char)	32	static
../Core/Src/NucleoImp/Display/ILI9341Display.cpp:207:6:virtual void ILI9341Display::drawString(uint16_t, uint16_t, std::string, Color)	40	static
../Core/Src/NucleoImp/Display/ILI9341Display.cpp:218:6:void ILI9341Display::drawApple(uint16_t, uint16_t)	136	static
../Core/Src/NucleoImp/Display/ILI9341Display.cpp:244:6:void ILI9341Display::drawCherry(uint16_t, uint16_t)	136	static
../Core/Src/NucleoImp/Display/ILI9341Display.cpp:282:6:virtual void ILI9341Display::drawBitmap(uint16_t*, uint16_t, uint16_t, uint16_t, uint16_t)	48	static
../Core/Src/NucleoImp/Display/ILI9341Display.cpp:301:6:void ILI9341Display::writeFillArcHelper(int16_t, uint16_t, uint16_t, uint16_t, float, float, uint16_t)	136	static
../Core/Src/NucleoImp/Display/ILI9341Display.cpp:408:6:virtual void ILI9341Display::fillArc(uint16_t, uint16_t, uint16_t, uint16_t, float, float, Color)	64	static
../Core/Src/NucleoImp/Display/ILI9341Display.cpp:448:17:virtual uint16_t ILI9341Display::getScreenWidth() const	16	static
../Core/Src/NucleoImp/Display/ILI9341Display.cpp:455:17:virtual uint16_t ILI9341Display::getScreenHeight() const	16	static
../Core/Src/NucleoImp/Display/ILI9341Display.cpp:462:6:virtual void ILI9341Display::setBackgroundColor(Color)	16	static
../Core/Src/NucleoImp/Display/ILI9341Display.cpp:472:14:virtual Color ILI9341Display::getBackgroundColor() const	16	static
../Core/Src/NucleoImp/Display/ILI9341Display.cpp:487:6:virtual void ILI9341Display::readMemory(uint16_t, uint16_t, uint16_t, uint16_t, uint8_t*)	64	static
