C:\ST\STM32CubeIDE_1.19.0\STM32CubeIDE\plugins\com.st.stm32cube.ide.mcu.externaltools.gnu-tools-for-stm32.13.3.rel1.win32_1.0.0.202411081344\tools\arm-none-eabi\include\c++\13.3.1\arm-none-eabi\thumb\v7e-m+fp\hard\bits\gthr-default.h:229:1:int __gthread_key_delete(__gthread_key_t)	16	static
../Core/Src/cpp_main.cpp:34:7:void handleUART(uint8_t)	16	static
../Core/Src/cpp_main.cpp:40:6:void handleUARTData(uint8_t*, uint16_t)	16	static
../Core/Src/cpp_main.cpp:52:6:void cpp_main(peripheral_handles*)	16	static
../Core/Src/cpp_main.cpp:56:1:void __static_initialization_and_destruction_0()	8	static
../Core/Inc/Game/Game.h:60:11:Game::~Game()	16	static
../Core/Inc/Game/Game.h:60:11:virtual Game::~Game()	16	static
../Core/Src/cpp_main.cpp:56:1:void __static_initialization_and_destruction_1()	8	static
../Core/Src/cpp_main.cpp:56:1:cpp)	8	static
../Core/Src/cpp_main.cpp:56:1:cpp)	8	static
