C:\ST\STM32CubeIDE_1.19.0\STM32CubeIDE\plugins\com.st.stm32cube.ide.mcu.externaltools.gnu-tools-for-stm32.13.3.rel1.win32_1.0.0.202411081344\tools\arm-none-eabi\include\c++\13.3.1\arm-none-eabi\thumb\v7e-m+fp\hard\bits\gthr-default.h:229:1:int __gthread_key_delete(__gthread_key_t)	16	static
../Core/Src/cpp_main.cpp:28:6:void cpp_main(peripheral_handles*)	88	static
C:\ST\STM32CubeIDE_1.19.0\STM32CubeIDE\plugins\com.st.stm32cube.ide.mcu.externaltools.gnu-tools-for-stm32.13.3.rel1.win32_1.0.0.202411081344\tools\arm-none-eabi\include\c++\13.3.1\bits\new_allocator.h:104:7:std::__new_allocator<_Tp>::~__new_allocator() [with _Tp = char]	16	static
../Core/Src/cpp_main.cpp:58:1:void __static_initialization_and_destruction_0()	8	static
../Core/Src/cpp_main.cpp:58:1:void __static_initialization_and_destruction_1()	8	static
../Core/Src/cpp_main.cpp:58:1:cpp)	8	static
../Core/Src/cpp_main.cpp:58:1:cpp)	8	static
