../Core/Src/main.c:106:5:main	1
../Core/Src/main.c:177:6:SystemClock_Config	3
../Core/Src/main.c:225:13:MX_ADC1_Init	3
../Core/Src/main.c:277:13:MX_DAC_Init	3
../Core/Src/main.c:317:13:MX_I2C3_Init	2
../Core/Src/main.c:351:13:MX_SPI1_Init	2
../Core/Src/main.c:389:13:MX_TIM1_Init	9
../Core/Src/main.c:472:13:MX_TIM2_Init	8
../Core/Src/main.c:544:13:MX_TIM4_Init	4
../Core/Src/main.c:589:13:MX_TIM6_Init	3
../Core/Src/main.c:627:13:MX_TIM7_Init	3
../Core/Src/main.c:665:13:MX_UART5_Init	2
../Core/Src/main.c:698:13:MX_USART2_UART_Init	2
../Core/Src/main.c:729:13:MX_DMA_Init	1
../Core/Src/main.c:760:13:MX_GPIO_Init	1
../Core/Src/main.c:828:6:HAL_TIM_IC_CaptureCallback	2
../Core/Src/main.c:837:6:HAL_UART_RxCpltCallback	3
../Core/Src/main.c:851:6:HAL_SYSTICK_Callback	2
../Core/Src/main.c:871:6:Error_Handler	1
