../Core/Src/main.c:106:5:main	56	static
../Core/Src/main.c:177:6:SystemClock_Config	88	static
../Core/Src/main.c:225:13:MX_ADC1_Init	24	static
../Core/Src/main.c:277:13:MX_DAC_Init	16	static
../Core/Src/main.c:317:13:MX_I2C3_Init	8	static
../Core/Src/main.c:351:13:MX_SPI1_Init	8	static
../Core/Src/main.c:389:13:MX_TIM1_Init	96	static
../Core/Src/main.c:472:13:MX_TIM2_Init	80	static
../Core/Src/main.c:544:13:MX_TIM4_Init	32	static
../Core/Src/main.c:589:13:MX_TIM6_Init	16	static
../Core/Src/main.c:627:13:MX_TIM7_Init	16	static
../Core/Src/main.c:665:13:MX_UART5_Init	8	static
../Core/Src/main.c:698:13:MX_USART2_UART_Init	8	static
../Core/Src/main.c:729:13:MX_DMA_Init	16	static
../Core/Src/main.c:760:13:MX_GPIO_Init	48	static
../Core/Src/main.c:828:6:HAL_TIM_IC_CaptureCallback	16	static
../Core/Src/main.c:837:6:HAL_UART_RxCpltCallback	16	static
../Core/Src/main.c:851:6:HAL_SYSTICK_Callback	4	static
../Core/Src/main.c:871:6:Error_Handler	4	static,ignoring_inline_asm
