../Core/Src/main.c:104:5:main	1
../Core/Src/main.c:174:6:SystemClock_Config	3
../Core/Src/main.c:222:13:MX_ADC1_Init	3
../Core/Src/main.c:274:13:MX_DAC_Init	3
../Core/Src/main.c:314:13:MX_I2C3_Init	2
../Core/Src/main.c:348:13:MX_SPI1_Init	2
../Core/Src/main.c:386:13:MX_TIM1_Init	9
../Core/Src/main.c:469:13:MX_TIM2_Init	8
../Core/Src/main.c:541:13:MX_TIM4_Init	4
../Core/Src/main.c:586:13:MX_TIM6_Init	3
../Core/Src/main.c:624:13:MX_UART5_Init	2
../Core/Src/main.c:657:13:MX_USART2_UART_Init	2
../Core/Src/main.c:688:13:MX_DMA_Init	1
../Core/Src/main.c:719:13:MX_GPIO_Init	1
../Core/Src/main.c:787:6:HAL_TIM_IC_CaptureCallback	2
../Core/Src/main.c:796:6:HAL_UART_RxCpltCallback	3
../Core/Src/main.c:810:6:HAL_SYSTICK_Callback	2
../Core/Src/main.c:830:6:Error_Handler	1
