Archive member included to satisfy reference by file (symbol)

C:/ST/STM32CubeIDE_1.19.0/STM32CubeIDE/plugins/com.st.stm32cube.ide.mcu.externaltools.gnu-tools-for-stm32.13.3.rel1.win32_1.0.0.202411081344/tools/bin/../lib/gcc/arm-none-eabi/13.3.1/../../../../arm-none-eabi/lib/thumb/v7e-m+fp/hard\libstdc++_nano.a(del_ops.o)
                              ./Core/Src/Interfaces/Display/Sprite.o (operator delete(void*, unsigned int))
C:/ST/STM32CubeIDE_1.19.0/STM32CubeIDE/plugins/com.st.stm32cube.ide.mcu.externaltools.gnu-tools-for-stm32.13.3.rel1.win32_1.0.0.202411081344/tools/bin/../lib/gcc/arm-none-eabi/13.3.1/../../../../arm-none-eabi/lib/thumb/v7e-m+fp/hard\libstdc++_nano.a(new_op.o)
                              ./Core/Src/NucleoImp/Display/ILI9341Display.o (operator new(unsigned int))
C:/ST/STM32CubeIDE_1.19.0/STM32CubeIDE/plugins/com.st.stm32cube.ide.mcu.externaltools.gnu-tools-for-stm32.13.3.rel1.win32_1.0.0.202411081344/tools/bin/../lib/gcc/arm-none-eabi/13.3.1/../../../../arm-none-eabi/lib/thumb/v7e-m+fp/hard\libstdc++_nano.a(functexcept.o)
                              ./Core/Src/cpp_main.o (std::__throw_bad_alloc())
C:/ST/STM32CubeIDE_1.19.0/STM32CubeIDE/plugins/com.st.stm32cube.ide.mcu.externaltools.gnu-tools-for-stm32.13.3.rel1.win32_1.0.0.202411081344/tools/bin/../lib/gcc/arm-none-eabi/13.3.1/../../../../arm-none-eabi/lib/thumb/v7e-m+fp/hard\libstdc++_nano.a(string-inst.o)
                              ./Core/Src/cpp_main.o (std::__cxx11::basic_string<char, std::char_traits<char>, std::allocator<char> >::~basic_string())
C:/ST/STM32CubeIDE_1.19.0/STM32CubeIDE/plugins/com.st.stm32cube.ide.mcu.externaltools.gnu-tools-for-stm32.13.3.rel1.win32_1.0.0.202411081344/tools/bin/../lib/gcc/arm-none-eabi/13.3.1/../../../../arm-none-eabi/lib/thumb/v7e-m+fp/hard\libstdc++_nano.a(del_op.o)
                              C:/ST/STM32CubeIDE_1.19.0/STM32CubeIDE/plugins/com.st.stm32cube.ide.mcu.externaltools.gnu-tools-for-stm32.13.3.rel1.win32_1.0.0.202411081344/tools/bin/../lib/gcc/arm-none-eabi/13.3.1/../../../../arm-none-eabi/lib/thumb/v7e-m+fp/hard\libstdc++_nano.a(del_ops.o) (operator delete(void*))
C:/ST/STM32CubeIDE_1.19.0/STM32CubeIDE/plugins/com.st.stm32cube.ide.mcu.externaltools.gnu-tools-for-stm32.13.3.rel1.win32_1.0.0.202411081344/tools/bin/../lib/gcc/arm-none-eabi/13.3.1/../../../../arm-none-eabi/lib/thumb/v7e-m+fp/hard\libstdc++_nano.a(new_handler.o)
                              C:/ST/STM32CubeIDE_1.19.0/STM32CubeIDE/plugins/com.st.stm32cube.ide.mcu.externaltools.gnu-tools-for-stm32.13.3.rel1.win32_1.0.0.202411081344/tools/bin/../lib/gcc/arm-none-eabi/13.3.1/../../../../arm-none-eabi/lib/thumb/v7e-m+fp/hard\libstdc++_nano.a(new_op.o) (std::get_new_handler())
C:/ST/STM32CubeIDE_1.19.0/STM32CubeIDE/plugins/com.st.stm32cube.ide.mcu.externaltools.gnu-tools-for-stm32.13.3.rel1.win32_1.0.0.202411081344/tools/bin/../lib/gcc/arm-none-eabi/13.3.1/../../../../arm-none-eabi/lib/thumb/v7e-m+fp/hard\libm.a(libm_a-s_cos.o)
                              ./Core/Src/NucleoImp/Display/ILI9341Display.o (cos)
C:/ST/STM32CubeIDE_1.19.0/STM32CubeIDE/plugins/com.st.stm32cube.ide.mcu.externaltools.gnu-tools-for-stm32.13.3.rel1.win32_1.0.0.202411081344/tools/bin/../lib/gcc/arm-none-eabi/13.3.1/../../../../arm-none-eabi/lib/thumb/v7e-m+fp/hard\libm.a(libm_a-s_sin.o)
                              ./Core/Src/NucleoImp/Display/ILI9341Display.o (sin)
C:/ST/STM32CubeIDE_1.19.0/STM32CubeIDE/plugins/com.st.stm32cube.ide.mcu.externaltools.gnu-tools-for-stm32.13.3.rel1.win32_1.0.0.202411081344/tools/bin/../lib/gcc/arm-none-eabi/13.3.1/../../../../arm-none-eabi/lib/thumb/v7e-m+fp/hard\libm.a(libm_a-wf_fmod.o)
                              ./Core/Src/NucleoImp/Display/ILI9341Display.o (fmodf)
C:/ST/STM32CubeIDE_1.19.0/STM32CubeIDE/plugins/com.st.stm32cube.ide.mcu.externaltools.gnu-tools-for-stm32.13.3.rel1.win32_1.0.0.202411081344/tools/bin/../lib/gcc/arm-none-eabi/13.3.1/../../../../arm-none-eabi/lib/thumb/v7e-m+fp/hard\libm.a(libm_a-k_cos.o)
                              C:/ST/STM32CubeIDE_1.19.0/STM32CubeIDE/plugins/com.st.stm32cube.ide.mcu.externaltools.gnu-tools-for-stm32.13.3.rel1.win32_1.0.0.202411081344/tools/bin/../lib/gcc/arm-none-eabi/13.3.1/../../../../arm-none-eabi/lib/thumb/v7e-m+fp/hard\libm.a(libm_a-s_cos.o) (__kernel_cos)
C:/ST/STM32CubeIDE_1.19.0/STM32CubeIDE/plugins/com.st.stm32cube.ide.mcu.externaltools.gnu-tools-for-stm32.13.3.rel1.win32_1.0.0.202411081344/tools/bin/../lib/gcc/arm-none-eabi/13.3.1/../../../../arm-none-eabi/lib/thumb/v7e-m+fp/hard\libm.a(libm_a-k_sin.o)
                              C:/ST/STM32CubeIDE_1.19.0/STM32CubeIDE/plugins/com.st.stm32cube.ide.mcu.externaltools.gnu-tools-for-stm32.13.3.rel1.win32_1.0.0.202411081344/tools/bin/../lib/gcc/arm-none-eabi/13.3.1/../../../../arm-none-eabi/lib/thumb/v7e-m+fp/hard\libm.a(libm_a-s_cos.o) (__kernel_sin)
[...]
Memory Configuration

Name             Origin             Length             Attributes
RAM              0x20000000         0x00020000         xrw
FLASH            0x08000000         0x00080000         xr
*default*        0x00000000         0xffffffff

Linker script and memory map

LOAD C:/ST/STM32CubeIDE_1.19.0/STM32CubeIDE/plugins/com.st.stm32cube.ide.mcu.externaltools.gnu-tools-for-stm32.13.3.rel1.win32_1.0.0.202411081344/tools/bin/../lib/gcc/arm-none-eabi/13.3.1/thumb/v7e-m+fp/hard/crti.o
LOAD C:/ST/STM32CubeIDE_1.19.0/STM32CubeIDE/plugins/com.st.stm32cube.ide.mcu.externaltools.gnu-tools-for-stm32.13.3.rel1.win32_1.0.0.202411081344/tools/bin/../lib/gcc/arm-none-eabi/13.3.1/thumb/v7e-m+fp/hard/crtbegin.o
LOAD C:/ST/STM32CubeIDE_1.19.0/STM32CubeIDE/plugins/com.st.stm32cube.ide.mcu.externaltools.gnu-tools-for-stm32.13.3.rel1.win32_1.0.0.202411081344/tools/bin/../lib/gcc/arm-none-eabi/13.3.1/../../../../arm-none-eabi/lib/thumb/v7e-m+fp/hard/crt0.o
LOAD ./Core/Src/Interfaces/Display/Sprite.o
LOAD ./Core/Src/NucleoImp/Display/ILI9341Display.o
LOAD ./Core/Src/NucleoImp/Display/ili9341.o
LOAD ./Core/Src/NucleoImp/Display/ili9341_font.o
LOAD ./Core/Src/NucleoImp/Display/ili9341_gfx.o
LOAD ./Core/Src/cpp_main.o
LOAD ./Core/Src/main.o
LOAD ./Core/Src/stm32f4xx_hal_msp.o
LOAD ./Core/Src/stm32f4xx_it.o
LOAD ./Core/Src/syscalls.o
LOAD ./Core/Src/sysmem.o
LOAD ./Core/Src/system_stm32f4xx.o
LOAD ./Core/Startup/startup_stm32f446retx.o
LOAD ./Drivers/STM32F4xx_HAL_Driver/Src/stm32f4xx_hal.o
LOAD ./Drivers/STM32F4xx_HAL_Driver/Src/stm32f4xx_hal_adc.o
LOAD ./Drivers/STM32F4xx_HAL_Driver/Src/stm32f4xx_hal_adc_ex.o
LOAD ./Drivers/STM32F4xx_HAL_Driver/Src/stm32f4xx_hal_cortex.o
LOAD ./Drivers/STM32F4xx_HAL_Driver/Src/stm32f4xx_hal_dac.o
LOAD ./Drivers/STM32F4xx_HAL_Driver/Src/stm32f4xx_hal_dac_ex.o
LOAD ./Drivers/STM32F4xx_HAL_Driver/Src/stm32f4xx_hal_dma.o
LOAD ./Drivers/STM32F4xx_HAL_Driver/Src/stm32f4xx_hal_dma_ex.o
LOAD ./Drivers/STM32F4xx_HAL_Driver/Src/stm32f4xx_hal_exti.o
LOAD ./Drivers/STM32F4xx_HAL_Driver/Src/stm32f4xx_hal_flash.o
LOAD ./Drivers/STM32F4xx_HAL_Driver/Src/stm32f4xx_hal_flash_ex.o
LOAD ./Drivers/STM32F4xx_HAL_Driver/Src/stm32f4xx_hal_flash_ramfunc.o
LOAD ./Drivers/STM32F4xx_HAL_Driver/Src/stm32f4xx_hal_gpio.o
LOAD ./Drivers/STM32F4xx_HAL_Driver/Src/stm32f4xx_hal_i2c.o
LOAD ./Drivers/STM32F4xx_HAL_Driver/Src/stm32f4xx_hal_i2c_ex.o
LOAD ./Drivers/STM32F4xx_HAL_Driver/Src/stm32f4xx_hal_pwr.o
LOAD ./Drivers/STM32F4xx_HAL_Driver/Src/stm32f4xx_hal_pwr_ex.o
LOAD ./Drivers/STM32F4xx_HAL_Driver/Src/stm32f4xx_hal_rcc.o
LOAD ./Drivers/STM32F4xx_HAL_Driver/Src/stm32f4xx_hal_rcc_ex.o
LOAD ./Drivers/STM32F4xx_HAL_Driver/Src/stm32f4xx_hal_spi.o
LOAD ./Drivers/STM32F4xx_HAL_Driver/Src/stm32f4xx_hal_tim.o
LOAD ./Drivers/STM32F4xx_HAL_Driver/Src/stm32f4xx_hal_tim_ex.o
LOAD ./Drivers/STM32F4xx_HAL_Driver/Src/stm32f4xx_hal_uart.o
LOAD ./Drivers/STM32F4xx_HAL_Driver/Src/stm32f4xx_ll_adc.o
START GROUP
LOAD C:/ST/STM32CubeIDE_1.19.0/STM32CubeIDE/plugins/com.st.stm32cube.ide.mcu.externaltools.gnu-tools-for-stm32.13.3.rel1.win32_1.0.0.202411081344/tools/bin/../lib/gcc/arm-none-eabi/13.3.1/../../../../arm-none-eabi/lib/thumb/v7e-m+fp/hard\libstdc++_nano.a
LOAD C:/ST/STM32CubeIDE_1.19.0/STM32CubeIDE/plugins/com.st.stm32cube.ide.mcu.externaltools.gnu-tools-for-stm32.13.3.rel1.win32_1.0.0.202411081344/tools/bin/../lib/gcc/arm-none-eabi/13.3.1/../../../../arm-none-eabi/lib/thumb/v7e-m+fp/hard\libsupc++_nano.a
END GROUP
LOAD C:/ST/STM32CubeIDE_1.19.0/STM32CubeIDE/plugins/com.st.stm32cube.ide.mcu.externaltools.gnu-tools-for-stm32.13.3.rel1.win32_1.0.0.202411081344/tools/bin/../lib/gcc/arm-none-eabi/13.3.1/../../../../arm-none-eabi/lib/thumb/v7e-m+fp/hard\libstdc++_nano.a
LOAD C:/ST/STM32CubeIDE_1.19.0/STM32CubeIDE/plugins/com.st.stm32cube.ide.mcu.externaltools.gnu-tools-for-stm32.13.3.rel1.win32_1.0.0.202411081344/tools/bin/../lib/gcc/arm-none-eabi/13.3.1/../../../../arm-none-eabi/lib/thumb/v7e-m+fp/hard\libm.a
LOAD C:/ST/STM32CubeIDE_1.19.0/STM32CubeIDE/plugins/com.st.stm32cube.ide.mcu.externaltools.gnu-tools-for-stm32.13.3.rel1.win32_1.0.0.202411081344/tools/bin/../lib/gcc/arm-none-eabi/13.3.1/../../../../arm-none-eabi/lib/thumb/v7e-m+fp/hard\libc_nano.a
START GROUP
LOAD C:/ST/STM32CubeIDE_1.19.0/STM32CubeIDE/plugins/com.st.stm32cube.ide.mcu.externaltools.gnu-tools-for-stm32.13.3.rel1.win32_1.0.0.202411081344/tools/bin/../lib/gcc/arm-none-eabi/13.3.1/thumb/v7e-m+fp/hard\libgcc.a
LOAD C:/ST/STM32CubeIDE_1.19.0/STM32CubeIDE/plugins/com.st.stm32cube.ide.mcu.externaltools.gnu-tools-for-stm32.13.3.rel1.win32_1.0.0.202411081344/tools/bin/../lib/gcc/arm-none-eabi/13.3.1/../../../../arm-none-eabi/lib/thumb/v7e-m+fp/hard\libc_nano.a
END GROUP
START GROUP
LOAD C:/ST/STM32CubeIDE_1.19.0/STM32CubeIDE/plugins/com.st.stm32cube.ide.mcu.externaltools.gnu-tools-for-stm32.13.3.rel1.win32_1.0.0.202411081344/tools/bin/../lib/gcc/arm-none-eabi/13.3.1/thumb/v7e-m+fp/hard\libgcc.a
LOAD C:/ST/STM32CubeIDE_1.19.0/STM32CubeIDE/plugins/com.st.stm32cube.ide.mcu.externaltools.gnu-tools-for-stm32.13.3.rel1.win32_1.0.0.202411081344/tools/bin/../lib/gcc/arm-none-eabi/13.3.1/../../../../arm-none-eabi/lib/thumb/v7e-m+fp/hard\libc_nano.a
LOAD C:/ST/STM32CubeIDE_1.19.0/STM32CubeIDE/plugins/com.st.stm32cube.ide.mcu.externaltools.gnu-tools-for-stm32.13.3.rel1.win32_1.0.0.202411081344/tools/bin/../lib/gcc/arm-none-eabi/13.3.1/../../../../arm-none-eabi/lib/thumb/v7e-m+fp/hard\libnosys.a
END GROUP
START GROUP
LOAD C:/ST/STM32CubeIDE_1.19.0/STM32CubeIDE/plugins/com.st.stm32cube.ide.mcu.externaltools.gnu-tools-for-stm32.13.3.rel1.win32_1.0.0.202411081344/tools/bin/../lib/gcc/arm-none-eabi/13.3.1/thumb/v7e-m+fp/hard\libgcc.a
LOAD C:/ST/STM32CubeIDE_1.19.0/STM32CubeIDE/plugins/com.st.stm32cube.ide.mcu.externaltools.gnu-tools-for-stm32.13.3.rel1.win32_1.0.0.202411081344/tools/bin/../lib/gcc/arm-none-eabi/13.3.1/../../../../arm-none-eabi/lib/thumb/v7e-m+fp/hard\libc_nano.a
LOAD C:/ST/STM32CubeIDE_1.19.0/STM32CubeIDE/plugins/com.st.stm32cube.ide.mcu.externaltools.gnu-tools-for-stm32.13.3.rel1.win32_1.0.0.202411081344/tools/bin/../lib/gcc/arm-none-eabi/13.3.1/../../../../arm-none-eabi/lib/thumb/v7e-m+fp/hard\libnosys.a
END GROUP
LOAD C:/ST/STM32CubeIDE_1.19.0/STM32CubeIDE/plugins/com.st.stm32cube.ide.mcu.externaltools.gnu-tools-for-stm32.13.3.rel1.win32_1.0.0.202411081344/tools/bin/../lib/gcc/arm-none-eabi/13.3.1/thumb/v7e-m+fp/hard/crtend.o
LOAD C:/ST/STM32CubeIDE_1.19.0/STM32CubeIDE/plugins/com.st.stm32cube.ide.mcu.externaltools.gnu-tools-for-stm32.13.3.rel1.win32_1.0.0.202411081344/tools/bin/../lib/gcc/arm-none-eabi/13.3.1/thumb/v7e-m+fp/hard/crtn.o
                0x20020000                        _estack = (ORIGIN (RAM) + LENGTH (RAM))
                0x00000200                        _Min_Heap_Size = 0x200
                0x00000400                        _Min_Stack_Size = 0x400

.isr_vector     0x08000000      0x1c4
                0x08000000                        . = ALIGN (0x4)
 *(.isr_vector)
 .isr_vector    0x08000000      0x1c4 ./Core/Startup/startup_stm32f446retx.o
                0x08000000                g_pfnVectors
                0x080001c4                        . = ALIGN (0x4)

.text           0x080001d0     0xf838
                0x080001d0                        . = ALIGN (0x4)
 *(.text)
 .text          0x080001d0       0x40 C:/ST/STM32CubeIDE_1.19.0/STM32CubeIDE/plugins/com.st.stm32cube.ide.mcu.externaltools.gnu-tools-for-stm32.13.3.rel1.win32_1.0.0.202411081344/tools/bin/../lib/gcc/arm-none-eabi/13.3.1/thumb/v7e-m+fp/hard/crtbegin.o
 .text          0x08000210       0xa0 C:/ST/STM32CubeIDE_1.19.0/STM32CubeIDE/plugins/com.st.stm32cube.ide.mcu.externaltools.gnu-tools-for-stm32.13.3.rel1.win32_1.0.0.202411081344/tools/bin/../lib/gcc/arm-none-eabi/13.3.1/../../../../arm-none-eabi/lib/thumb/v7e-m+fp/hard\libc_nano.a(libc_a-memchr.o)
                0x08000210                memchr
 .text          0x080002b0       0x10 C:/ST/STM32CubeIDE_1.19.0/STM32CubeIDE/plugins/com.st.stm32cube.ide.mcu.externaltools.gnu-tools-for-stm32.13.3.rel1.win32_1.0.0.202411081344/tools/bin/../lib/gcc/arm-none-eabi/13.3.1/../../../../arm-none-eabi/lib/thumb/v7e-m+fp/hard\libc_nano.a(libc_a-strlen.o)
                0x080002b0                strlen
 .text          0x080002c0      0x378 C:/ST/STM32CubeIDE_1.19.0/STM32CubeIDE/plugins/com.st.stm32cube.ide.mcu.externaltools.gnu-tools-for-stm32.13.3.rel1.win32_1.0.0.202411081344/tools/bin/../lib/gcc/arm-none-eabi/13.3.1/thumb/v7e-m+fp/hard\libgcc.a(_arm_addsubdf3.o)
                0x080002c0                __aeabi_drsub
                0x080002c8                __aeabi_dsub
                0x080002c8                __subdf3
                0x080002cc                __aeabi_dadd
                0x080002cc                __adddf3
                0x08000544                __floatunsidf
                0x08000544                __aeabi_ui2d
                0x08000564                __floatsidf
                0x08000564                __aeabi_i2d
                0x08000588                __aeabi_f2d
                0x08000588                __extendsfdf2
                0x080005cc                __floatundidf
                0x080005cc                __aeabi_ul2d
                0x080005dc                __floatdidf
                0x080005dc                __aeabi_l2d
 .text          0x08000638      0x424 C:/ST/STM32CubeIDE_1.19.0/STM32CubeIDE/plugins/com.st.stm32cube.ide.mcu.externaltools.gnu-tools-for-stm32.13.3.rel1.win32_1.0.0.202411081344/tools/bin/../lib/gcc/arm-none-eabi/13.3.1/thumb/v7e-m+fp/hard\libgcc.a(_arm_muldivdf3.o)
                0x08000638                __aeabi_dmul
                0x08000638                __muldf3
                0x0800088c                __divdf3
                0x0800088c                __aeabi_ddiv
 .text          0x08000a5c      0x110 C:/ST/STM32CubeIDE_1.19.0/STM32CubeIDE/plugins/com.st.stm32cube.ide.mcu.externaltools.gnu-tools-for-stm32.13.3.rel1.win32_1.0.0.202411081344/tools/bin/../lib/gcc/arm-none-eabi/13.3.1/thumb/v7e-m+fp/hard\libgcc.a(_arm_cmpdf2.o)
                0x08000a5c                __gtdf2
                0x08000a5c                __gedf2
                0x08000a64                __ltdf2
                0x08000a64                __ledf2
                0x08000a6c                __nedf2
                0x08000a6c                __eqdf2
                0x08000a6c                __cmpdf2
                0x08000ae8                __aeabi_cdrcmple
                0x08000af8                __aeabi_cdcmpeq
                0x08000af8                __aeabi_cdcmple
                0x08000b08                __aeabi_dcmpeq
                0x08000b1c                __aeabi_dcmplt
                0x08000b30                __aeabi_dcmple
                0x08000b44                __aeabi_dcmpge
                0x08000b58                __aeabi_dcmpgt
 .text          0x08000b6c       0x50 C:/ST/STM32CubeIDE_1.19.0/STM32CubeIDE/plugins/com.st.stm32cube.ide.mcu.externaltools.gnu-tools-for-stm32.13.3.rel1.win32_1.0.0.202411081344/tools/bin/../lib/gcc/arm-none-eabi/13.3.1/thumb/v7e-m+fp/hard\libgcc.a(_arm_fixdfsi.o)
                0x08000b6c                __aeabi_d2iz
                0x08000b6c                __fixdfsi
 .text          0x08000bbc       0xa0 C:/ST/STM32CubeIDE_1.19.0/STM32CubeIDE/plugins/com.st.stm32cube.ide.mcu.externaltools.gnu-tools-for-stm32.13.3.rel1.win32_1.0.0.202411081344/tools/bin/../lib/gcc/arm-none-eabi/13.3.1/thumb/v7e-m+fp/hard\libgcc.a(_arm_truncdfsf2.o)
                0x08000bbc                __truncdfsf2
                0x08000bbc                __aeabi_d2f
 .text          0x08000c5c       0x30 C:/ST/STM32CubeIDE_1.19.0/STM32CubeIDE/plugins/com.st.stm32cube.ide.mcu.externaltools.gnu-tools-for-stm32.13.3.rel1.win32_1.0.0.202411081344/tools/bin/../lib/gcc/arm-none-eabi/13.3.1/thumb/v7e-m+fp/hard\libgcc.a(_aeabi_uldivmod.o)
                0x08000c5c                __aeabi_uldivmod
 .text          0x08000c8c      0x2f8 C:/ST/STM32CubeIDE_1.19.0/STM32CubeIDE/plugins/com.st.stm32cube.ide.mcu.externaltools.gnu-tools-for-stm32.13.3.rel1.win32_1.0.0.202411081344/tools/bin/../lib/gcc/arm-none-eabi/13.3.1/thumb/v7e-m+fp/hard\libgcc.a(_udivmoddi4.o)
                0x08000c8c                __udivmoddi4
 .text          0x08000f84        0x4 C:/ST/STM32CubeIDE_1.19.0/STM32CubeIDE/plugins/com.st.stm32cube.ide.mcu.externaltools.gnu-tools-for-stm32.13.3.rel1.win32_1.0.0.202411081344/tools/bin/../lib/gcc/arm-none-eabi/13.3.1/thumb/v7e-m+fp/hard\libgcc.a(_dvmd_tls.o)
                0x08000f84                __aeabi_idiv0
                0x08000f84                __aeabi_ldiv0
 *(.text*)
 .text._ZN7ELE331219colorToILI9341ColorENS_5ColorE
                0x08000f88      0x130 ./Core/Src/NucleoImp/Display/ILI9341Display.o
                0x08000f88                ELE3312::colorToILI9341Color(ELE3312::Color)
 .text._ZN7ELE33127DisplayC2Ev
                0x080010b8       0x20 ./Core/Src/NucleoImp/Display/ILI9341Display.o
                0x080010b8                ELE3312::Display::Display()
                0x080010b8                ELE3312::Display::Display()
 .text._ZN7ELE33127DisplayD2Ev
                0x080010d8       0x20 ./Core/Src/NucleoImp/Display/ILI9341Display.o
                0x080010d8                ELE3312::Display::~Display()
                0x080010d8                ELE3312::Display::~Display()
 .text._ZN7ELE33127DisplayD0Ev
                0x080010f8       0x20 ./Core/Src/NucleoImp/Display/ILI9341Display.o
                0x080010f8                ELE3312::Display::~Display()
 .text._ZN7ELE331214ILI9341DisplayC2Ev
                0x08001118       0x30 ./Core/Src/NucleoImp/Display/ILI9341Display.o
                0x08001118                ELE3312::ILI9341Display::ILI9341Display()
                0x08001118                ELE3312::ILI9341Display::ILI9341Display()
 .text._ZN7ELE331214ILI9341DisplayD2Ev
                0x08001148       0x3c ./Core/Src/NucleoImp/Display/ILI9341Display.o
                0x08001148                ELE3312::ILI9341Display::~ILI9341Display()
                0x08001148                ELE3312::ILI9341Display::~ILI9341Display()
 .text._ZN7ELE331214ILI9341DisplayD0Ev
                0x08001184       0x20 ./Core/Src/NucleoImp/Display/ILI9341Display.o
                0x08001184                ELE3312::ILI9341Display::~ILI9341Display()
 .text._ZN7ELE331214ILI9341Display5setupEP19__SPI_HandleTypeDef
                0x080011a4       0x58 ./Core/Src/NucleoImp/Display/ILI9341Display.o
                0x080011a4                ELE3312::ILI9341Display::setup(__SPI_HandleTypeDef*)
 .text._ZN7ELE331214ILI9341Display11clearScreenEv
                0x080011fc       0x24 ./Core/Src/NucleoImp/Display/ILI9341Display.o
                0x080011fc                ELE3312::ILI9341Display::clearScreen()
 .text._ZN7ELE331214ILI9341Display10fillScreenENS_5ColorE
                0x08001220       0x26 ./Core/Src/NucleoImp/Display/ILI9341Display.o
                0x08001220                ELE3312::ILI9341Display::fillScreen(ELE3312::Color)
 .text._ZN7ELE331214ILI9341Display9drawPixelENS_5ColorEtt
                0x08001246       0x3a ./Core/Src/NucleoImp/Display/ILI9341Display.o
                0x08001246                ELE3312::ILI9341Display::drawPixel(ELE3312::Color, unsigned short, unsigned short)
 .text._ZN7ELE331214ILI9341Display8drawLineENS_5ColorEtttt
                0x08001280       0x4c ./Core/Src/NucleoImp/Display/ILI9341Display.o
                0x08001280                ELE3312::ILI9341Display::drawLine(ELE3312::Color, unsigned short, unsigned short, unsigned short, unsigned short)
 .text._ZN7ELE331214ILI9341Display8drawRectENS_5ColorEtttt
                0x080012cc       0x46 ./Core/Src/NucleoImp/Display/ILI9341Display.o
                0x080012cc                ELE3312::ILI9341Display::drawRect(ELE3312::Color, unsigned short, unsigned short, unsigned short, unsigned short)
 .text._ZN7ELE331214ILI9341Display8drawRectENS_5ColorERKNS_4RectItEE
                0x08001312       0x5e ./Core/Src/NucleoImp/Display/ILI9341Display.o
                0x08001312                ELE3312::ILI9341Display::drawRect(ELE3312::Color, ELE3312::Rect<unsigned short> const&)
 .text._ZN7ELE331214ILI9341Display8fillRectENS_5ColorEtttt
                0x08001370       0x46 ./Core/Src/NucleoImp/Display/ILI9341Display.o
                0x08001370                ELE3312::ILI9341Display::fillRect(ELE3312::Color, unsigned short, unsigned short, unsigned short, unsigned short)
 .text._ZN7ELE331214ILI9341Display8fillRectENS_5ColorERKNS_4RectItEE
                0x080013b6       0x5e ./Core/Src/NucleoImp/Display/ILI9341Display.o
                0x080013b6                ELE3312::ILI9341Display::fillRect(ELE3312::Color, ELE3312::Rect<unsigned short> const&)
 .text._ZN7ELE331214ILI9341Display10drawCircleENS_5ColorEttt
                0x08001414       0x44 ./Core/Src/NucleoImp/Display/ILI9341Display.o
                0x08001414                ELE3312::ILI9341Display::drawCircle(ELE3312::Color, unsigned short, unsigned short, unsigned short)
 .text._ZN7ELE331214ILI9341Display16drawCheckerboardEt
                0x08001458       0xa8 ./Core/Src/NucleoImp/Display/ILI9341Display.o
                0x08001458                ELE3312::ILI9341Display::drawCheckerboard(unsigned short)
 .text._ZN7ELE331214ILI9341Display10fillCircleENS_5ColorEttt
                0x08001500       0x44 ./Core/Src/NucleoImp/Display/ILI9341Display.o
                0x08001500                ELE3312::ILI9341Display::fillCircle(ELE3312::Color, unsigned short, unsigned short, unsigned short)
 .text._ZN7ELE331214ILI9341Display8drawCharEttc
                0x08001544       0x80 ./Core/Src/NucleoImp/Display/ILI9341Display.o
                0x08001544                ELE3312::ILI9341Display::drawChar(unsigned short, unsigned short, char)
 .text._ZN7ELE331214ILI9341Display10drawStringEttNSt7__cxx1112basic_stringIcSt11char_traitsIcESaIcEEENS_5ColorE
                0x080015c4       0x90 ./Core/Src/NucleoImp/Display/ILI9341Display.o
                0x080015c4                ELE3312::ILI9341Display::drawString(unsigned short, unsigned short, std::__cxx11::basic_string<char, std::char_traits<char>, std::allocator<char> >, ELE3312::Color)
 .text._ZN7ELE331214ILI9341Display9drawAppleEtt
                0x08001654       0xc8 ./Core/Src/NucleoImp/Display/ILI9341Display.o
                0x08001654                ELE3312::ILI9341Display::drawApple(unsigned short, unsigned short)
 .text._ZN7ELE331214ILI9341Display10drawCherryEtt
                0x0800171c       0xc8 ./Core/Src/NucleoImp/Display/ILI9341Display.o
                0x0800171c                ELE3312::ILI9341Display::drawCherry(unsigned short, unsigned short)
 .text._ZN7ELE331214ILI9341Display10drawBitmapEPttttt
                0x080017e4       0x86 ./Core/Src/NucleoImp/Display/ILI9341Display.o
                0x080017e4                ELE3312::ILI9341Display::drawBitmap(unsigned short*, unsigned short, unsigned short, unsigned short, unsigned short)
 *fill*         0x0800186a        0x6 
 .text._ZN7ELE331214ILI9341Display18writeFillArcHelperEstttfft
                0x08001870      0x5e0 ./Core/Src/NucleoImp/Display/ILI9341Display.o
                0x08001870                ELE3312::ILI9341Display::writeFillArcHelper(short, unsigned short, unsigned short, unsigned short, float, float, unsigned short)
 .text._ZN7ELE331214ILI9341Display7fillArcEttttffNS_5ColorE
                0x08001e50      0x150 ./Core/Src/NucleoImp/Display/ILI9341Display.o
                0x08001e50                ELE3312::ILI9341Display::fillArc(unsigned short, unsigned short, unsigned short, unsigned short, float, float, ELE3312::Color)
 .text._ZNK7ELE331214ILI9341Display14getScreenWidthEv
                0x08001fa0       0x18 ./Core/Src/NucleoImp/Display/ILI9341Display.o
                0x08001fa0                ELE3312::ILI9341Display::getScreenWidth() const
 .text._ZNK7ELE331214ILI9341Display15getScreenHeightEv
                0x08001fb8       0x16 ./Core/Src/NucleoImp/Display/ILI9341Display.o
                0x08001fb8                ELE3312::ILI9341Display::getScreenHeight() const
 .text._ZN7ELE331214ILI9341Display18setBackgroundColorENS_5ColorE
                0x08001fce       0x1c ./Core/Src/NucleoImp/Display/ILI9341Display.o
                0x08001fce                ELE3312::ILI9341Display::setBackgroundColor(ELE3312::Color)
 .text._ZNK7ELE331214ILI9341Display18getBackgroundColorEv
                0x08001fea       0x18 ./Core/Src/NucleoImp/Display/ILI9341Display.o
                0x08001fea                ELE3312::ILI9341Display::getBackgroundColor() const
 .text._ZN7ELE331214ILI9341Display10readMemoryEttttPh
                0x08002002       0x80 ./Core/Src/NucleoImp/Display/ILI9341Display.o
                0x08002002                ELE3312::ILI9341Display::readMemory(unsigned short, unsigned short, unsigned short, unsigned short, unsigned char*)
 .text._ZNK7ELE33124RectItE5getX1Ev
                0x08002082       0x1c ./Core/Src/NucleoImp/Display/ILI9341Display.o
                0x08002082                ELE3312::Rect<unsigned short>::getX1() const
 .text._ZNK7ELE33124RectItE5getY1Ev
                0x0800209e       0x1c ./Core/Src/NucleoImp/Display/ILI9341Display.o
                0x0800209e                ELE3312::Rect<unsigned short>::getY1() const
 .text._ZNK7ELE33124RectItE8getWidthEv
                0x080020ba       0x2e ./Core/Src/NucleoImp/Display/ILI9341Display.o
                0x080020ba                ELE3312::Rect<unsigned short>::getWidth() const
 .text._ZNK7ELE33124RectItE9getHeightEv
                0x080020e8       0x2e ./Core/Src/NucleoImp/Display/ILI9341Display.o
                0x080020e8                ELE3312::Rect<unsigned short>::getHeight() const
 .text._ZN7ELE33125PointItEC2Ett
                0x08002116       0x2a ./Core/Src/NucleoImp/Display/ILI9341Display.o
                0x08002116                ELE3312::Point<unsigned short>::Point(unsigned short, unsigned short)
                0x08002116                ELE3312::Point<unsigned short>::Point(unsigned short, unsigned short)
 .text._ZN7ELE33125PointItED2Ev
                0x08002140       0x16 ./Core/Src/NucleoImp/Display/ILI9341Display.o
                0x08002140                ELE3312::Point<unsigned short>::~Point()
                0x08002140                ELE3312::Point<unsigned short>::~Point()
 *fill*         0x08002156        0x2 
 .text._ZN7ELE33124RectItEC2ERKNS_5PointItEEtt
                0x08002158       0x68 ./Core/Src/NucleoImp/Display/ILI9341Display.o
                0x08002158                ELE3312::Rect<unsigned short>::Rect(ELE3312::Point<unsigned short> const&, unsigned short, unsigned short)
                0x08002158                ELE3312::Rect<unsigned short>::Rect(ELE3312::Point<unsigned short> const&, unsigned short, unsigned short)
 .text._ZN7ELE33124RectItED2Ev
                0x080021c0       0x30 ./Core/Src/NucleoImp/Display/ILI9341Display.o
                0x080021c0                ELE3312::Rect<unsigned short>::~Rect()
                0x080021c0                ELE3312::Rect<unsigned short>::~Rect()
 .text._ZN7ELE33124RectItED0Ev
                0x080021f0       0x20 ./Core/Src/NucleoImp/Display/ILI9341Display.o
                0x080021f0                ELE3312::Rect<unsigned short>::~Rect()
 .text._ZNK7ELE33125PointItE4getXEv
                0x08002210       0x18 ./Core/Src/NucleoImp/Display/ILI9341Display.o
                0x08002210                ELE3312::Point<unsigned short>::getX() const
 .text._ZNK7ELE33125PointItE4getYEv
                0x08002228       0x18 ./Core/Src/NucleoImp/Display/ILI9341Display.o
                0x08002228                ELE3312::Point<unsigned short>::getY() const
 .text._ZN7ELE33125PointItEC2ERKS1_
                0x08002240       0x28 ./Core/Src/NucleoImp/Display/ILI9341Display.o
                0x08002240                ELE3312::Point<unsigned short>::Point(ELE3312::Point<unsigned short> const&)
                0x08002240                ELE3312::Point<unsigned short>::Point(ELE3312::Point<unsigned short> const&)
 .text.ili9341_new
                0x08002268      0x1f0 ./Core/Src/NucleoImp/Display/ili9341.o
                0x08002268                ili9341_new
 .text.ili9341_spi_tft_select
                0x08002458       0x20 ./Core/Src/NucleoImp/Display/ili9341.o
                0x08002458                ili9341_spi_tft_select
 .text.ili9341_spi_tft_release
                0x08002478       0x20 ./Core/Src/NucleoImp/Display/ili9341.o
                0x08002478                ili9341_spi_tft_release
 .text.ili9341_spi_touch_select
                0x08002498       0x20 ./Core/Src/NucleoImp/Display/ili9341.o
                0x08002498                ili9341_spi_touch_select
 .text.ili9341_spi_touch_release
                0x080024b8       0x20 ./Core/Src/NucleoImp/Display/ili9341.o
                0x080024b8                ili9341_spi_touch_release
 .text.ili9341_spi_slave_select
                0x080024d8       0x32 ./Core/Src/NucleoImp/Display/ili9341.o
                0x080024d8                ili9341_spi_slave_select
 .text.ili9341_spi_slave_release
                0x0800250a       0x32 ./Core/Src/NucleoImp/Display/ili9341.o
                0x0800250a                ili9341_spi_slave_release
 .text.ili9341_spi_write_command
                0x0800253c       0x70 ./Core/Src/NucleoImp/Display/ili9341.o
                0x0800253c                ili9341_spi_write_command
 .text.ili9341_spi_write_data
                0x080025ac       0x72 ./Core/Src/NucleoImp/Display/ili9341.o
                0x080025ac                ili9341_spi_write_data
 .text.ili9341_spi_write_command_data
                0x0800261e       0x76 ./Core/Src/NucleoImp/Display/ili9341.o
                0x0800261e                ili9341_spi_write_command_data
 .text.ili9341_reset
                0x08002694       0x42 ./Core/Src/NucleoImp/Display/ili9341.o
 *fill*         0x080026d6        0x2 
 .text.ili9341_initialize
                0x080026d8      0x2c0 ./Core/Src/NucleoImp/Display/ili9341.o
 .text.ili9341_screen_size
                0x08002998       0x60 ./Core/Src/NucleoImp/Display/ili9341.o
 .text.ili9341_screen_rotation
                0x080029f8       0x38 ./Core/Src/NucleoImp/Display/ili9341.o
 .text.ili9341_read_memory
                0x08002a30       0xf4 ./Core/Src/NucleoImp/Display/ili9341.o
                0x08002a30                ili9341_read_memory
 .text.glyph_index
                0x08002b24       0x2c ./Core/Src/NucleoImp/Display/ili9341_font.o
                0x08002b24                glyph_index
 .text.ili9341_spi_tft_set_address_rect
                0x08002b50       0xa2 ./Core/Src/NucleoImp/Display/ili9341_gfx.o
                0x08002b50                ili9341_spi_tft_set_address_rect
 .text.ili9341_transmit_wait
                0x08002bf2       0x2e ./Core/Src/NucleoImp/Display/ili9341_gfx.o
                0x08002bf2                ili9341_transmit_wait
 .text.ili9341_transmit_color
                0x08002c20       0x4a ./Core/Src/NucleoImp/Display/ili9341_gfx.o
                0x08002c20                ili9341_transmit_color
 .text.ili9341_draw_pixel
                0x08002c6a       0xb2 ./Core/Src/NucleoImp/Display/ili9341_gfx.o
                0x08002c6a                ili9341_draw_pixel
 .text.ili9341_draw_line
                0x08002d1c      0x1da ./Core/Src/NucleoImp/Display/ili9341_gfx.o
                0x08002d1c                ili9341_draw_line
 .text.ili9341_draw_rect
                0x08002ef6       0xe0 ./Core/Src/NucleoImp/Display/ili9341_gfx.o
                0x08002ef6                ili9341_draw_rect
 *fill*         0x08002fd6        0x2 
 .text.ili9341_fill_rect
                0x08002fd8      0x124 ./Core/Src/NucleoImp/Display/ili9341_gfx.o
                0x08002fd8                ili9341_fill_rect
 .text.ili9341_draw_circle
                0x080030fc      0x1e4 ./Core/Src/NucleoImp/Display/ili9341_gfx.o
                0x080030fc                ili9341_draw_circle
 .text.ili9341_fill_circle
                0x080032e0       0x7a ./Core/Src/NucleoImp/Display/ili9341_gfx.o
                0x080032e0                ili9341_fill_circle
 .text.ili9341_fill_screen
                0x0800335a       0x2c ./Core/Src/NucleoImp/Display/ili9341_gfx.o
                0x0800335a                ili9341_fill_screen
 *fill*         0x08003386        0x2 
 .text.ili9341_draw_char
                0x08003388      0x1cc ./Core/Src/NucleoImp/Display/ili9341_gfx.o
                0x08003388                ili9341_draw_char
 .text.ili9341_draw_string
                0x08003554       0x9a ./Core/Src/NucleoImp/Display/ili9341_gfx.o
                0x08003554                ili9341_draw_string
 .text.ili9341_clip_rect
                0x080035ee      0x13e ./Core/Src/NucleoImp/Display/ili9341_gfx.o
 .text.ili9341_fill_quarter_circle
                0x0800372c      0x204 ./Core/Src/NucleoImp/Display/ili9341_gfx.o
 .text._ZnwjPv  0x08003930       0x18 ./Core/Src/cpp_main.o
                0x08003930                operator new(unsigned int, void*)
 .text._Z9in_boundsii
                0x08003948       0x34 ./Core/Src/cpp_main.o
                0x08003948                in_bounds(int, int)
 .text._Z15clear_occupancyv
                0x0800397c       0x4c ./Core/Src/cpp_main.o
                0x0800397c                clear_occupancy()
 .text._ZZ12Scan_serpentvENKUliiiRiS_E_clEiiiS_S_
                0x080039c8       0x6c ./Core/Src/cpp_main.o
 .text._ZZ12Scan_serpentvENKUliiiiE_clEiiii
                0x08003a34       0x30 ./Core/Src/cpp_main.o
 .text._ZZ12Scan_serpentvENKUliiE_clEii
                0x08003a64       0x92 ./Core/Src/cpp_main.o
 *fill*         0x08003af6        0x2 
 .text._Z12Scan_serpentv
                0x08003af8      0x55c ./Core/Src/cpp_main.o
                0x08003af8                Scan_serpent()
 .text._Z13draw_edge_topN7ELE33125ColorEii
                0x08004054       0x30 ./Core/Src/cpp_main.o
                0x08004054                draw_edge_top(ELE3312::Color, int, int)
 .text._Z15draw_edge_rightN7ELE33125ColorEii
                0x08004084       0x34 ./Core/Src/cpp_main.o
                0x08004084                draw_edge_right(ELE3312::Color, int, int)
 .text._Z16draw_edge_bottomN7ELE33125ColorEii
                0x080040b8       0x34 ./Core/Src/cpp_main.o
                0x080040b8                draw_edge_bottom(ELE3312::Color, int, int)
 .text._Z14draw_edge_leftN7ELE33125ColorEii
                0x080040ec       0x30 ./Core/Src/cpp_main.o
                0x080040ec                draw_edge_left(ELE3312::Color, int, int)
 .text._ZZ21Visualisation_serpentvENKUlRK4tileN7ELE33125ColorES3_E_clES1_S3_S3_
                0x0800411c       0xa8 ./Core/Src/cpp_main.o
 .text._Z21Visualisation_serpentv
                0x080041c4       0x88 ./Core/Src/cpp_main.o
                0x080041c4                Visualisation_serpent()
 .text._Z12random_rangeii
                0x0800424c       0x2e ./Core/Src/cpp_main.o
                0x0800424c                random_range(int, int)
 *fill*         0x0800427a        0x2 
 .text._Z16is_position_freeii
                0x0800427c       0xe4 ./Core/Src/cpp_main.o
                0x0800427c                is_position_free(int, int)
 .text._ZNSt12_Vector_baseI4tileSaIS0_EEC2Ev
                0x08004360       0x1a ./Core/Src/cpp_main.o
                0x08004360                std::_Vector_base<tile, std::allocator<tile> >::_Vector_base()
                0x08004360                std::_Vector_base<tile, std::allocator<tile> >::_Vector_base()
 .text._ZNSt6vectorI4tileSaIS0_EEC2Ev
                0x0800437a       0x1a ./Core/Src/cpp_main.o
                0x0800437a                std::vector<tile, std::allocator<tile> >::vector()
                0x0800437a                std::vector<tile, std::allocator<tile> >::vector()
 .text._Z10init_snakev
                0x08004394      0x1a0 ./Core/Src/cpp_main.o
                0x08004394                init_snake()
 .text._Z15generate_fruitsv
                0x08004534       0xb0 ./Core/Src/cpp_main.o
                0x08004534                generate_fruits()
 .text._Z9draw_tileii8TileType
                0x080045e4       0xdc ./Core/Src/cpp_main.o
                0x080045e4                draw_tile(int, int, TileType)
 .text._Z22draw_game_board_staticv
                0x080046c0       0x64 ./Core/Src/cpp_main.o
                0x080046c0                draw_game_board_static()
 .text._Z9init_gamev
                0x08004724       0x3c ./Core/Src/cpp_main.o
                0x08004724                init_game()
 .text.cpp_main
                0x08004760       0x80 ./Core/Src/cpp_main.o
                0x08004760                cpp_main
 .text._ZNKSt6vectorI4tileSaIS0_EE4sizeEv
                0x080047e0       0x20 ./Core/Src/cpp_main.o
                0x080047e0                std::vector<tile, std::allocator<tile> >::size() const
 .text._ZNSt6vectorI4tileSaIS0_EE5beginEv
                0x08004800       0x20 ./Core/Src/cpp_main.o
                0x08004800                std::vector<tile, std::allocator<tile> >::begin()
 .text._ZNSt6vectorI4tileSaIS0_EE3endEv
                0x08004820       0x22 ./Core/Src/cpp_main.o
                0x08004820                std::vector<tile, std::allocator<tile> >::end()
 .text._ZN9__gnu_cxxneIP4tileSt6vectorIS1_SaIS1_EEEEbRKNS_17__normal_iteratorIT_T0_EESB_
                0x08004842       0x30 ./Core/Src/cpp_main.o
                0x08004842                bool __gnu_cxx::operator!=<tile*, std::vector<tile, std::allocator<tile> > >(__gnu_cxx::__normal_iterator<tile*, std::vector<tile, std::allocator<tile> > > const&, __gnu_cxx::__normal_iterator<tile*, std::vector<tile, std::allocator<tile> > > const&)
 .text._ZN9__gnu_cxx17__normal_iteratorIP4tileSt6vectorIS1_SaIS1_EEEppEv
                0x08004872       0x22 ./Core/Src/cpp_main.o
                0x08004872                __gnu_cxx::__normal_iterator<tile*, std::vector<tile, std::allocator<tile> > >::operator++()
 .text._ZNK9__gnu_cxx17__normal_iteratorIP4tileSt6vectorIS1_SaIS1_EEEdeEv
                0x08004894       0x18 ./Core/Src/cpp_main.o
                0x08004894                __gnu_cxx::__normal_iterator<tile*, std::vector<tile, std::allocator<tile> > >::operator*() const
 .text._ZNSt6vectorI4tileSaIS0_EEixEj
                0x080048ac       0x20 ./Core/Src/cpp_main.o
                0x080048ac                std::vector<tile, std::allocator<tile> >::operator[](unsigned int)
 .text._ZNSt12_Vector_baseI4tileSaIS0_EE12_Vector_implC2Ev
                0x080048cc       0x22 ./Core/Src/cpp_main.o
                0x080048cc                std::_Vector_base<tile, std::allocator<tile> >::_Vector_impl::_Vector_impl()
                0x080048cc                std::_Vector_base<tile, std::allocator<tile> >::_Vector_impl::_Vector_impl()
 .text._ZNSt6vectorI4tileSaIS0_EE5clearEv
                0x080048ee       0x1c ./Core/Src/cpp_main.o
                0x080048ee                std::vector<tile, std::allocator<tile> >::clear()
 .text._ZNSt6vectorI4tileSaIS0_EE9push_backERKS0_
                0x0800490a       0x7c ./Core/Src/cpp_main.o
                0x0800490a                std::vector<tile, std::allocator<tile> >::push_back(tile const&)
 .text._ZNSt15__new_allocatorIcED2Ev
                0x08004986       0x16 ./Core/Src/cpp_main.o
                0x08004986                std::__new_allocator<char>::~__new_allocator()
                0x08004986                std::__new_allocator<char>::~__new_allocator()
 .text._ZN9__gnu_cxx17__normal_iteratorIP4tileSt6vectorIS1_SaIS1_EEEC2ERKS2_
                0x0800499c       0x20 ./Core/Src/cpp_main.o
                0x0800499c                __gnu_cxx::__normal_iterator<tile*, std::vector<tile, std::allocator<tile> > >::__normal_iterator(tile* const&)
                0x0800499c                __gnu_cxx::__normal_iterator<tile*, std::vector<tile, std::allocator<tile> > >::__normal_iterator(tile* const&)
 .text._ZNK9__gnu_cxx17__normal_iteratorIP4tileSt6vectorIS1_SaIS1_EEE4baseEv
                0x080049bc       0x16 ./Core/Src/cpp_main.o
                0x080049bc                __gnu_cxx::__normal_iterator<tile*, std::vector<tile, std::allocator<tile> > >::base() const
 .text._ZNSt12_Vector_baseI4tileSaIS0_EE17_Vector_impl_dataC2Ev
                0x080049d2       0x28 ./Core/Src/cpp_main.o
                0x080049d2                std::_Vector_base<tile, std::allocator<tile> >::_Vector_impl_data::_Vector_impl_data()
                0x080049d2                std::_Vector_base<tile, std::allocator<tile> >::_Vector_impl_data::_Vector_impl_data()
 .text._ZNSt12_Vector_baseI4tileSaIS0_EE13_M_deallocateEPS0_j
                0x080049fa       0x32 ./Core/Src/cpp_main.o
                0x080049fa                std::_Vector_base<tile, std::allocator<tile> >::_M_deallocate(tile*, unsigned int)
 .text._ZNSt6vectorI4tileSaIS0_EE15_M_erase_at_endEPS0_
                0x08004a2c       0x4a ./Core/Src/cpp_main.o
                0x08004a2c                std::vector<tile, std::allocator<tile> >::_M_erase_at_end(tile*)
 .text._ZNSt6vectorI4tileSaIS0_EE15_S_use_relocateEv
                0x08004a76       0x16 ./Core/Src/cpp_main.o
                0x08004a76                std::vector<tile, std::allocator<tile> >::_S_use_relocate()
 .text._ZNSt6vectorI4tileSaIS0_EE19_S_nothrow_relocateESt17integral_constantIbLb1EE
                0x08004a8c       0x16 ./Core/Src/cpp_main.o
                0x08004a8c                std::vector<tile, std::allocator<tile> >::_S_nothrow_relocate(std::integral_constant<bool, true>)
 *fill*         0x08004aa2        0x2 
 .text._ZNSt6vectorI4tileSaIS0_EE17_M_realloc_insertIJRKS0_EEEvN9__gnu_cxx17__normal_iteratorIPS0_S2_EEDpOT_
                0x08004aa4      0x1ac ./Core/Src/cpp_main.o
                0x08004aa4                void std::vector<tile, std::allocator<tile> >::_M_realloc_insert<tile const&>(__gnu_cxx::__normal_iterator<tile*, std::vector<tile, std::allocator<tile> > >, tile const&)
 .text._ZNSt12_Vector_baseI4tileSaIS0_EE19_M_get_Tp_allocatorEv
                0x08004c50       0x16 ./Core/Src/cpp_main.o
                0x08004c50                std::_Vector_base<tile, std::allocator<tile> >::_M_get_Tp_allocator()
 .text._ZSt7forwardIRK4tileEOT_RNSt16remove_referenceIS3_E4typeE
                0x08004c66       0x16 ./Core/Src/cpp_main.o
                0x08004c66                tile const& std::forward<tile const&>(std::remove_reference<tile const&>::type&)
 .text._ZNKSt6vectorI4tileSaIS0_EE12_M_check_lenEjPKc
                0x08004c7c       0x8e ./Core/Src/cpp_main.o
                0x08004c7c                std::vector<tile, std::allocator<tile> >::_M_check_len(unsigned int, char const*) const
 .text._ZN9__gnu_cxxmiIP4tileSt6vectorIS1_SaIS1_EEEENS_17__normal_iteratorIT_T0_E15difference_typeERKS9_SC_
                0x08004d0a       0x2a ./Core/Src/cpp_main.o
                0x08004d0a                __gnu_cxx::__normal_iterator<tile*, std::vector<tile, std::allocator<tile> > >::difference_type __gnu_cxx::operator-<tile*, std::vector<tile, std::allocator<tile> > >(__gnu_cxx::__normal_iterator<tile*, std::vector<tile, std::allocator<tile> > > const&, __gnu_cxx::__normal_iterator<tile*, std::vector<tile, std::allocator<tile> > > const&)
 .text._ZNSt12_Vector_baseI4tileSaIS0_EE11_M_allocateEj
                0x08004d34       0x32 ./Core/Src/cpp_main.o
                0x08004d34                std::_Vector_base<tile, std::allocator<tile> >::_M_allocate(unsigned int)
 .text._ZNSt6vectorI4tileSaIS0_EE11_S_relocateEPS0_S3_S3_RS1_
                0x08004d66       0x28 ./Core/Src/cpp_main.o
                0x08004d66                std::vector<tile, std::allocator<tile> >::_S_relocate(tile*, tile*, tile*, std::allocator<tile>&)
 .text._ZSt34__uninitialized_move_if_noexcept_aIP4tileS1_SaIS0_EET0_T_S4_S3_RT1_
                0x08004d8e       0x32 ./Core/Src/cpp_main.o
                0x08004d8e                tile* std::__uninitialized_move_if_noexcept_a<tile*, tile*, std::allocator<tile> >(tile*, tile*, tile*, std::allocator<tile>&)
 .text._ZSt8_DestroyIP4tileEvT_S2_
                0x08004dc0       0x1a ./Core/Src/cpp_main.o
                0x08004dc0                void std::_Destroy<tile*>(tile*, tile*)
 .text._ZNSt15__new_allocatorI4tileE10deallocateEPS0_j
                0x08004dda       0x20 ./Core/Src/cpp_main.o
                0x08004dda                std::__new_allocator<tile>::deallocate(tile*, unsigned int)
 .text._ZNKSt6vectorI4tileSaIS0_EE8max_sizeEv
                0x08004dfa       0x22 ./Core/Src/cpp_main.o
                0x08004dfa                std::vector<tile, std::allocator<tile> >::max_size() const
 .text._ZSt3maxIjERKT_S2_S2_
                0x08004e1c       0x28 ./Core/Src/cpp_main.o
                0x08004e1c                unsigned int const& std::max<unsigned int>(unsigned int const&, unsigned int const&)
 .text._ZNSt6vectorI4tileSaIS0_EE14_S_do_relocateEPS0_S3_S3_RS1_St17integral_constantIbLb1EE
                0x08004e44       0x24 ./Core/Src/cpp_main.o
                0x08004e44                std::vector<tile, std::allocator<tile> >::_S_do_relocate(tile*, tile*, tile*, std::allocator<tile>&, std::integral_constant<bool, true>)
 .text._ZSt32__make_move_if_noexcept_iteratorI4tileSt13move_iteratorIPS0_EET0_PT_
                0x08004e68       0x1e ./Core/Src/cpp_main.o
                0x08004e68                std::move_iterator<tile*> std::__make_move_if_noexcept_iterator<tile, std::move_iterator<tile*> >(tile*)
 .text._ZSt22__uninitialized_copy_aISt13move_iteratorIP4tileES2_S1_ET0_T_S5_S4_RSaIT1_E
                0x08004e86       0x22 ./Core/Src/cpp_main.o
                0x08004e86                tile* std::__uninitialized_copy_a<std::move_iterator<tile*>, tile*, tile>(std::move_iterator<tile*>, std::move_iterator<tile*>, tile*, std::allocator<tile>&)
 .text._ZNSt12_Destroy_auxILb1EE9__destroyIP4tileEEvT_S4_
                0x08004ea8       0x16 ./Core/Src/cpp_main.o
                0x08004ea8                void std::_Destroy_aux<true>::__destroy<tile*>(tile*, tile*)
 .text._ZNSt6vectorI4tileSaIS0_EE11_S_max_sizeERKS1_
                0x08004ebe       0x40 ./Core/Src/cpp_main.o
                0x08004ebe                std::vector<tile, std::allocator<tile> >::_S_max_size(std::allocator<tile> const&)
 .text._ZNKSt12_Vector_baseI4tileSaIS0_EE19_M_get_Tp_allocatorEv
                0x08004efe       0x16 ./Core/Src/cpp_main.o
                0x08004efe                std::_Vector_base<tile, std::allocator<tile> >::_M_get_Tp_allocator() const
 .text._ZNSt15__new_allocatorI4tileE8allocateEjPKv
                0x08004f14       0x52 ./Core/Src/cpp_main.o
                0x08004f14                std::__new_allocator<tile>::allocate(unsigned int, void const*)
 .text._ZSt12__relocate_aIP4tileS1_SaIS0_EET0_T_S4_S3_RT1_
                0x08004f66       0x3a ./Core/Src/cpp_main.o
                0x08004f66                tile* std::__relocate_a<tile*, tile*, std::allocator<tile> >(tile*, tile*, tile*, std::allocator<tile>&)
 .text._ZNSt13move_iteratorIP4tileEC2ES1_
                0x08004fa0       0x24 ./Core/Src/cpp_main.o
                0x08004fa0                std::move_iterator<tile*>::move_iterator(tile*)
                0x08004fa0                std::move_iterator<tile*>::move_iterator(tile*)
 .text._ZSt18uninitialized_copyISt13move_iteratorIP4tileES2_ET0_T_S5_S4_
                0x08004fc4       0x28 ./Core/Src/cpp_main.o
                0x08004fc4                tile* std::uninitialized_copy<std::move_iterator<tile*>, tile*>(std::move_iterator<tile*>, std::move_iterator<tile*>, tile*)
 .text._ZSt3minIjERKT_S2_S2_
                0x08004fec       0x28 ./Core/Src/cpp_main.o
                0x08004fec                unsigned int const& std::min<unsigned int>(unsigned int const&, unsigned int const&)
 .text._ZSt12__niter_baseIP4tileET_S2_
                0x08005014       0x16 ./Core/Src/cpp_main.o
                0x08005014                tile* std::__niter_base<tile*>(tile*)
 .text._ZSt14__relocate_a_1I4tileS0_ENSt9enable_ifIXsrSt24__is_bitwise_relocatableIT_vE5valueEPS3_E4typeES5_S5_S5_RSaIT0_E
                0x0800502a       0x3c ./Core/Src/cpp_main.o
                0x0800502a                std::enable_if<std::__is_bitwise_relocatable<tile, void>::value, tile*>::type std::__relocate_a_1<tile, tile>(tile*, tile*, tile*, std::allocator<tile>&)
 .text._ZSt4moveIRP4tileEONSt16remove_referenceIT_E4typeEOS4_
                0x08005066       0x16 ./Core/Src/cpp_main.o
                0x08005066                std::remove_reference<tile*&>::type&& std::move<tile*&>(tile*&)
 .text._ZNSt20__uninitialized_copyILb1EE13__uninit_copyISt13move_iteratorIP4tileES4_EET0_T_S7_S6_
                0x0800507c       0x20 ./Core/Src/cpp_main.o
                0x0800507c                tile* std::__uninitialized_copy<true>::__uninit_copy<std::move_iterator<tile*>, tile*>(std::move_iterator<tile*>, std::move_iterator<tile*>, tile*)
 .text._ZSt4copyISt13move_iteratorIP4tileES2_ET0_T_S5_S4_
                0x0800509c       0x30 ./Core/Src/cpp_main.o
                0x0800509c                tile* std::copy<std::move_iterator<tile*>, tile*>(std::move_iterator<tile*>, std::move_iterator<tile*>, tile*)
 .text._ZSt12__miter_baseIP4tileEDTcl12__miter_basecldtfp_4baseEEESt13move_iteratorIT_E
                0x080050cc       0x22 ./Core/Src/cpp_main.o
                0x080050cc                decltype (__miter_base(({parm#1}.base)())) std::__miter_base<tile*>(std::move_iterator<tile*>)
 .text._ZSt13__copy_move_aILb1EP4tileS1_ET1_T0_S3_S2_
                0x080050ee       0x46 ./Core/Src/cpp_main.o
                0x080050ee                tile* std::__copy_move_a<true, tile*, tile*>(tile*, tile*, tile*)
 .text._ZNKSt13move_iteratorIP4tileE4baseEv
                0x08005134       0x18 ./Core/Src/cpp_main.o
                0x08005134                std::move_iterator<tile*>::base() const
 .text._ZSt12__miter_baseIP4tileET_S2_
                0x0800514c       0x16 ./Core/Src/cpp_main.o
                0x0800514c                tile* std::__miter_base<tile*>(tile*)
 .text._ZSt14__copy_move_a1ILb1EP4tileS1_ET1_T0_S3_S2_
                0x08005162       0x20 ./Core/Src/cpp_main.o
                0x08005162                tile* std::__copy_move_a1<true, tile*, tile*>(tile*, tile*, tile*)
 .text._ZSt12__niter_wrapIP4tileET_RKS2_S2_
                0x08005182       0x18 ./Core/Src/cpp_main.o
                0x08005182                tile* std::__niter_wrap<tile*>(tile* const&, tile*)
 .text._ZSt14__copy_move_a2ILb1EP4tileS1_ET1_T0_S3_S2_
                0x0800519a       0x20 ./Core/Src/cpp_main.o
                0x0800519a                tile* std::__copy_move_a2<true, tile*, tile*>(tile*, tile*, tile*)
 .text._ZNSt11__copy_moveILb1ELb1ESt26random_access_iterator_tagE8__copy_mI4tileS3_EEPT0_PT_S7_S5_
                0x080051ba       0x54 ./Core/Src/cpp_main.o
                0x080051ba                tile* std::__copy_move<true, true, std::random_access_iterator_tag>::__copy_m<tile, tile>(tile*, tile*, tile*)
 .text._ZNSt11__copy_moveILb1ELb0ESt26random_access_iterator_tagE12__assign_oneI4tileS3_EEvPT_PT0_
                0x0800520e       0x26 ./Core/Src/cpp_main.o
                0x0800520e                void std::__copy_move<true, false, std::random_access_iterator_tag>::__assign_one<tile, tile>(tile*, tile*)
 .text._ZSt4moveIR4tileEONSt16remove_referenceIT_E4typeEOS3_
                0x08005234       0x16 ./Core/Src/cpp_main.o
                0x08005234                std::remove_reference<tile&>::type&& std::move<tile&>(tile&)
 *fill*         0x0800524a        0x2 
 .text._Z41__static_initialization_and_destruction_0v
                0x0800524c       0x14 ./Core/Src/cpp_main.o
 .text._Z41__static_initialization_and_destruction_1v
                0x08005260       0x14 ./Core/Src/cpp_main.o
 .text._GLOBAL__sub_I_display
                0x08005274        0xa ./Core/Src/cpp_main.o
 .text._GLOBAL__sub_D_display
                0x0800527e        0xa ./Core/Src/cpp_main.o
 .text.main     0x08005288       0x64 ./Core/Src/main.o
                0x08005288                main
 .text.SystemClock_Config
                0x080052ec       0xdc ./Core/Src/main.o
                0x080052ec                SystemClock_Config
 .text.MX_ADC1_Init
                0x080053c8       0xa4 ./Core/Src/main.o
 .text.MX_DAC_Init
                0x0800546c       0x54 ./Core/Src/main.o
 .text.MX_I2C3_Init
                0x080054c0       0x5c ./Core/Src/main.o
 .text.MX_SPI1_Init
                0x0800551c       0x6c ./Core/Src/main.o
 .text.MX_TIM1_Init
                0x08005588      0x170 ./Core/Src/main.o
 .text.MX_TIM2_Init
                0x080056f8      0x134 ./Core/Src/main.o
 .text.MX_TIM4_Init
                0x0800582c       0x98 ./Core/Src/main.o
 .text.MX_TIM6_Init
                0x080058c4       0x6c ./Core/Src/main.o
 .text.MX_UART5_Init
                0x08005930       0x54 ./Core/Src/main.o
 .text.MX_USART2_UART_Init
                0x08005984       0x54 ./Core/Src/main.o
 .text.MX_DMA_Init
                0x080059d8       0x9c ./Core/Src/main.o
 .text.MX_GPIO_Init
                0x08005a74      0x15c ./Core/Src/main.o
 .text.Error_Handler
                0x08005bd0        0xc ./Core/Src/main.o
                0x08005bd0                Error_Handler
 .text.HAL_MspInit
                0x08005bdc       0x50 ./Core/Src/stm32f4xx_hal_msp.o
                0x08005bdc                HAL_MspInit
 .text.HAL_ADC_MspInit
                0x08005c2c       0x88 ./Core/Src/stm32f4xx_hal_msp.o
                0x08005c2c                HAL_ADC_MspInit
 .text.HAL_DAC_MspInit
                0x08005cb4       0xf4 ./Core/Src/stm32f4xx_hal_msp.o
                0x08005cb4                HAL_DAC_MspInit
 .text.HAL_I2C_MspInit
                0x08005da8       0xf4 ./Core/Src/stm32f4xx_hal_msp.o
                0x08005da8                HAL_I2C_MspInit
 .text.HAL_SPI_MspInit
                0x08005e9c      0x16c ./Core/Src/stm32f4xx_hal_msp.o
                0x08005e9c                HAL_SPI_MspInit
 .text.HAL_TIM_Base_MspInit
                0x08006008      0x120 ./Core/Src/stm32f4xx_hal_msp.o
                0x08006008                HAL_TIM_Base_MspInit
 .text.HAL_TIM_MspPostInit
                0x08006128       0xbc ./Core/Src/stm32f4xx_hal_msp.o
                0x08006128                HAL_TIM_MspPostInit
 .text.HAL_UART_MspInit
                0x080061e4      0x228 ./Core/Src/stm32f4xx_hal_msp.o
                0x080061e4                HAL_UART_MspInit
 .text.NMI_Handler
                0x0800640c        0x8 ./Core/Src/stm32f4xx_it.o
                0x0800640c                NMI_Handler
 .text.HardFault_Handler
                0x08006414        0x8 ./Core/Src/stm32f4xx_it.o
                0x08006414                HardFault_Handler
 .text.MemManage_Handler
                0x0800641c        0x8 ./Core/Src/stm32f4xx_it.o
                0x0800641c                MemManage_Handler
 .text.BusFault_Handler
                0x08006424        0x8 ./Core/Src/stm32f4xx_it.o
                0x08006424                BusFault_Handler
 .text.UsageFault_Handler
                0x0800642c        0x8 ./Core/Src/stm32f4xx_it.o
                0x0800642c                UsageFault_Handler
 .text.SVC_Handler
                0x08006434        0xe ./Core/Src/stm32f4xx_it.o
                0x08006434                SVC_Handler
 .text.DebugMon_Handler
                0x08006442        0xe ./Core/Src/stm32f4xx_it.o
                0x08006442                DebugMon_Handler
 .text.PendSV_Handler
                0x08006450        0xe ./Core/Src/stm32f4xx_it.o
                0x08006450                PendSV_Handler
 .text.SysTick_Handler
                0x0800645e       0x10 ./Core/Src/stm32f4xx_it.o
                0x0800645e                SysTick_Handler
 *fill*         0x0800646e        0x2 
 .text.DMA1_Stream0_IRQHandler
                0x08006470       0x14 ./Core/Src/stm32f4xx_it.o
                0x08006470                DMA1_Stream0_IRQHandler
 .text.DMA1_Stream5_IRQHandler
                0x08006484       0x14 ./Core/Src/stm32f4xx_it.o
                0x08006484                DMA1_Stream5_IRQHandler
 .text.TIM2_IRQHandler
                0x08006498       0x14 ./Core/Src/stm32f4xx_it.o
                0x08006498                TIM2_IRQHandler
 .text.SPI1_IRQHandler
                0x080064ac       0x14 ./Core/Src/stm32f4xx_it.o
                0x080064ac                SPI1_IRQHandler
 .text.USART2_IRQHandler
                0x080064c0       0x14 ./Core/Src/stm32f4xx_it.o
                0x080064c0                USART2_IRQHandler
 .text.DMA1_Stream7_IRQHandler
                0x080064d4       0x14 ./Core/Src/stm32f4xx_it.o
                0x080064d4                DMA1_Stream7_IRQHandler
 .text.UART5_IRQHandler
                0x080064e8       0x14 ./Core/Src/stm32f4xx_it.o
                0x080064e8                UART5_IRQHandler
 .text.DMA2_Stream0_IRQHandler
                0x080064fc       0x14 ./Core/Src/stm32f4xx_it.o
                0x080064fc                DMA2_Stream0_IRQHandler
 .text.DMA2_Stream3_IRQHandler
                0x08006510       0x14 ./Core/Src/stm32f4xx_it.o
                0x08006510                DMA2_Stream3_IRQHandler
 .text.I2C3_EV_IRQHandler
                0x08006524       0x14 ./Core/Src/stm32f4xx_it.o
                0x08006524                I2C3_EV_IRQHandler
 .text.I2C3_ER_IRQHandler
                0x08006538       0x14 ./Core/Src/stm32f4xx_it.o
                0x08006538                I2C3_ER_IRQHandler
 .text._getpid  0x0800654c       0x10 ./Core/Src/syscalls.o
                0x0800654c                _getpid
 .text._kill    0x0800655c       0x20 ./Core/Src/syscalls.o
                0x0800655c                _kill
 .text._exit    0x0800657c       0x16 ./Core/Src/syscalls.o
                0x0800657c                _exit
 .text._read    0x08006592       0x3a ./Core/Src/syscalls.o
                0x08006592                _read
 .text._write   0x080065cc       0x38 ./Core/Src/syscalls.o
                0x080065cc                _write
 .text._close   0x08006604       0x18 ./Core/Src/syscalls.o
                0x08006604                _close
 .text._fstat   0x0800661c       0x20 ./Core/Src/syscalls.o
                0x0800661c                _fstat
 .text._isatty  0x0800663c       0x16 ./Core/Src/syscalls.o
                0x0800663c                _isatty
 .text._lseek   0x08006652       0x1a ./Core/Src/syscalls.o
                0x08006652                _lseek
 .text._sbrk    0x0800666c       0x6c ./Core/Src/sysmem.o
                0x0800666c                _sbrk
 .text.SystemInit
                0x080066d8       0x24 ./Core/Src/system_stm32f4xx.o
                0x080066d8                SystemInit
 .text.Reset_Handler
                0x080066fc       0x50 ./Core/Startup/startup_stm32f446retx.o
                0x080066fc                Reset_Handler
 .text.Default_Handler
                0x0800674c        0x2 ./Core/Startup/startup_stm32f446retx.o
                0x0800674c                RTC_Alarm_IRQHandler
                0x0800674c                EXTI2_IRQHandler
                0x0800674c                TIM8_CC_IRQHandler
                0x0800674c                FMPI2C1_EV_IRQHandler
                0x0800674c                SPI4_IRQHandler
                0x0800674c                TIM1_CC_IRQHandler
                0x0800674c                DMA2_Stream5_IRQHandler
                0x0800674c                PVD_IRQHandler
                0x0800674c                SDIO_IRQHandler
                0x0800674c                TAMP_STAMP_IRQHandler
                0x0800674c                CAN2_RX1_IRQHandler
                0x0800674c                EXTI3_IRQHandler
                0x0800674c                TIM8_TRG_COM_TIM14_IRQHandler
                0x0800674c                TIM1_UP_TIM10_IRQHandler
                0x0800674c                TIM8_UP_TIM13_IRQHandler
                0x0800674c                EXTI0_IRQHandler
                0x0800674c                I2C2_EV_IRQHandler
                0x0800674c                DMA1_Stream2_IRQHandler
                0x0800674c                CAN1_RX0_IRQHandler
                0x0800674c                FPU_IRQHandler
                0x0800674c                OTG_HS_WKUP_IRQHandler
                0x0800674c                CAN2_SCE_IRQHandler
                0x0800674c                DMA2_Stream2_IRQHandler
                0x0800674c                TIM6_DAC_IRQHandler
                0x0800674c                TIM1_BRK_TIM9_IRQHandler
                0x0800674c                DCMI_IRQHandler
                0x0800674c                CAN2_RX0_IRQHandler
                0x0800674c                SAI2_IRQHandler
                0x0800674c                USART6_IRQHandler
                0x0800674c                USART3_IRQHandler
                0x0800674c                CAN1_RX1_IRQHandler
                0x0800674c                TIM4_IRQHandler
                0x0800674c                QUADSPI_IRQHandler
                0x0800674c                I2C1_EV_IRQHandler
                0x0800674c                DMA1_Stream6_IRQHandler
                0x0800674c                DMA1_Stream1_IRQHandler
                0x0800674c                UART4_IRQHandler
                0x0800674c                TIM3_IRQHandler
                0x0800674c                RCC_IRQHandler
                0x0800674c                TIM8_BRK_TIM12_IRQHandler
                0x0800674c                Default_Handler
                0x0800674c                CEC_IRQHandler
                0x0800674c                EXTI15_10_IRQHandler
                0x0800674c                ADC_IRQHandler
                0x0800674c                TIM7_IRQHandler
                0x0800674c                CAN2_TX_IRQHandler
                0x0800674c                TIM5_IRQHandler
                0x0800674c                DMA2_Stream7_IRQHandler
                0x0800674c                EXTI9_5_IRQHandler
                0x0800674c                RTC_WKUP_IRQHandler
                0x0800674c                SPDIF_RX_IRQHandler
                0x0800674c                SPI2_IRQHandler
                0x0800674c                OTG_HS_EP1_IN_IRQHandler
                0x0800674c                CAN1_TX_IRQHandler
                0x0800674c                FMPI2C1_ER_IRQHandler
                0x0800674c                EXTI4_IRQHandler
                0x0800674c                OTG_HS_EP1_OUT_IRQHandler
                0x0800674c                WWDG_IRQHandler
                0x0800674c                OTG_FS_WKUP_IRQHandler
                0x0800674c                TIM1_TRG_COM_TIM11_IRQHandler
                0x0800674c                OTG_HS_IRQHandler
                0x0800674c                EXTI1_IRQHandler
                0x0800674c                I2C2_ER_IRQHandler
                0x0800674c                DMA2_Stream1_IRQHandler
                0x0800674c                CAN1_SCE_IRQHandler
                0x0800674c                FLASH_IRQHandler
                0x0800674c                DMA2_Stream4_IRQHandler
                0x0800674c                USART1_IRQHandler
                0x0800674c                OTG_FS_IRQHandler
                0x0800674c                SPI3_IRQHandler
                0x0800674c                DMA1_Stream4_IRQHandler
                0x0800674c                I2C1_ER_IRQHandler
                0x0800674c                FMC_IRQHandler
                0x0800674c                DMA2_Stream6_IRQHandler
                0x0800674c                SAI1_IRQHandler
                0x0800674c                DMA1_Stream3_IRQHandler
 *fill*         0x0800674e        0x2 
 .text.HAL_Init
                0x08006750       0x44 ./Drivers/STM32F4xx_HAL_Driver/Src/stm32f4xx_hal.o
                0x08006750                HAL_Init
 .text.HAL_InitTick
                0x08006794       0x60 ./Drivers/STM32F4xx_HAL_Driver/Src/stm32f4xx_hal.o
                0x08006794                HAL_InitTick
 .text.HAL_IncTick
                0x080067f4       0x28 ./Drivers/STM32F4xx_HAL_Driver/Src/stm32f4xx_hal.o
                0x080067f4                HAL_IncTick
 .text.HAL_GetTick
                0x0800681c       0x18 ./Drivers/STM32F4xx_HAL_Driver/Src/stm32f4xx_hal.o
                0x0800681c                HAL_GetTick
 .text.HAL_Delay
                0x08006834       0x48 ./Drivers/STM32F4xx_HAL_Driver/Src/stm32f4xx_hal.o
                0x08006834                HAL_Delay
 .text.HAL_ADC_Init
                0x0800687c       0x86 ./Drivers/STM32F4xx_HAL_Driver/Src/stm32f4xx_hal_adc.o
                0x0800687c                HAL_ADC_Init
 *fill*         0x08006902        0x2 
 .text.HAL_ADC_ConfigChannel
                0x08006904      0x264 ./Drivers/STM32F4xx_HAL_Driver/Src/stm32f4xx_hal_adc.o
                0x08006904                HAL_ADC_ConfigChannel
 .text.ADC_Init
                0x08006b68      0x1f8 ./Drivers/STM32F4xx_HAL_Driver/Src/stm32f4xx_hal_adc.o
 .text.__NVIC_SetPriorityGrouping
                0x08006d60       0x48 ./Drivers/STM32F4xx_HAL_Driver/Src/stm32f4xx_hal_cortex.o
 .text.__NVIC_GetPriorityGrouping
                0x08006da8       0x1c ./Drivers/STM32F4xx_HAL_Driver/Src/stm32f4xx_hal_cortex.o
 .text.__NVIC_EnableIRQ
                0x08006dc4       0x3c ./Drivers/STM32F4xx_HAL_Driver/Src/stm32f4xx_hal_cortex.o
 .text.__NVIC_SetPriority
                0x08006e00       0x54 ./Drivers/STM32F4xx_HAL_Driver/Src/stm32f4xx_hal_cortex.o
 .text.NVIC_EncodePriority
                0x08006e54       0x66 ./Drivers/STM32F4xx_HAL_Driver/Src/stm32f4xx_hal_cortex.o
 *fill*         0x08006eba        0x2 
 .text.SysTick_Config
                0x08006ebc       0x44 ./Drivers/STM32F4xx_HAL_Driver/Src/stm32f4xx_hal_cortex.o
 .text.HAL_NVIC_SetPriorityGrouping
                0x08006f00       0x16 ./Drivers/STM32F4xx_HAL_Driver/Src/stm32f4xx_hal_cortex.o
                0x08006f00                HAL_NVIC_SetPriorityGrouping
 .text.HAL_NVIC_SetPriority
                0x08006f16       0x38 ./Drivers/STM32F4xx_HAL_Driver/Src/stm32f4xx_hal_cortex.o
                0x08006f16                HAL_NVIC_SetPriority
 .text.HAL_NVIC_EnableIRQ
                0x08006f4e       0x1c ./Drivers/STM32F4xx_HAL_Driver/Src/stm32f4xx_hal_cortex.o
                0x08006f4e                HAL_NVIC_EnableIRQ
 .text.HAL_SYSTICK_Config
                0x08006f6a       0x18 ./Drivers/STM32F4xx_HAL_Driver/Src/stm32f4xx_hal_cortex.o
                0x08006f6a                HAL_SYSTICK_Config
 .text.HAL_SYSTICK_Callback
                0x08006f82        0xe ./Drivers/STM32F4xx_HAL_Driver/Src/stm32f4xx_hal_cortex.o
                0x08006f82                HAL_SYSTICK_Callback
 .text.HAL_DAC_Init
                0x08006f90       0x44 ./Drivers/STM32F4xx_HAL_Driver/Src/stm32f4xx_hal_dac.o
                0x08006f90                HAL_DAC_Init
 .text.HAL_DAC_ConfigChannel
                0x08006fd4       0xb2 ./Drivers/STM32F4xx_HAL_Driver/Src/stm32f4xx_hal_dac.o
                0x08006fd4                HAL_DAC_ConfigChannel
 *fill*         0x08007086        0x2 
 .text.HAL_DMA_Init
                0x08007088      0x15c ./Drivers/STM32F4xx_HAL_Driver/Src/stm32f4xx_hal_dma.o
                0x08007088                HAL_DMA_Init
 .text.HAL_DMA_Start_IT
                0x080071e4       0xb0 ./Drivers/STM32F4xx_HAL_Driver/Src/stm32f4xx_hal_dma.o
                0x080071e4                HAL_DMA_Start_IT
 .text.HAL_DMA_Abort
                0x08007294       0xe0 ./Drivers/STM32F4xx_HAL_Driver/Src/stm32f4xx_hal_dma.o
                0x08007294                HAL_DMA_Abort
 .text.HAL_DMA_Abort_IT
                0x08007374       0x44 ./Drivers/STM32F4xx_HAL_Driver/Src/stm32f4xx_hal_dma.o
                0x08007374                HAL_DMA_Abort_IT
 .text.HAL_DMA_IRQHandler
                0x080073b8      0x314 ./Drivers/STM32F4xx_HAL_Driver/Src/stm32f4xx_hal_dma.o
                0x080073b8                HAL_DMA_IRQHandler
 .text.HAL_DMA_GetState
                0x080076cc       0x1c ./Drivers/STM32F4xx_HAL_Driver/Src/stm32f4xx_hal_dma.o
                0x080076cc                HAL_DMA_GetState
 .text.DMA_SetConfig
                0x080076e8       0x5c ./Drivers/STM32F4xx_HAL_Driver/Src/stm32f4xx_hal_dma.o
 .text.DMA_CalcBaseAndBitshift
                0x08007744       0x6c ./Drivers/STM32F4xx_HAL_Driver/Src/stm32f4xx_hal_dma.o
 .text.DMA_CheckFifoParam
                0x080077b0       0xf8 ./Drivers/STM32F4xx_HAL_Driver/Src/stm32f4xx_hal_dma.o
 .text.HAL_GPIO_Init
                0x080078a8      0x328 ./Drivers/STM32F4xx_HAL_Driver/Src/stm32f4xx_hal_gpio.o
                0x080078a8                HAL_GPIO_Init
 .text.HAL_GPIO_WritePin
                0x08007bd0       0x32 ./Drivers/STM32F4xx_HAL_Driver/Src/stm32f4xx_hal_gpio.o
                0x08007bd0                HAL_GPIO_WritePin
 *fill*         0x08007c02        0x2 
 .text.HAL_I2C_Init
                0x08007c04      0x288 ./Drivers/STM32F4xx_HAL_Driver/Src/stm32f4xx_hal_i2c.o
                0x08007c04                HAL_I2C_Init
 .text.I2C_Flush_DR
                0x08007e8c       0x2a ./Drivers/STM32F4xx_HAL_Driver/Src/stm32f4xx_hal_i2c.o
 .text.HAL_I2C_EV_IRQHandler
                0x08007eb6      0x2e2 ./Drivers/STM32F4xx_HAL_Driver/Src/stm32f4xx_hal_i2c.o
                0x08007eb6                HAL_I2C_EV_IRQHandler
 .text.HAL_I2C_ER_IRQHandler
                0x08008198      0x14e ./Drivers/STM32F4xx_HAL_Driver/Src/stm32f4xx_hal_i2c.o
                0x08008198                HAL_I2C_ER_IRQHandler
 .text.HAL_I2C_MasterTxCpltCallback
                0x080082e6       0x14 ./Drivers/STM32F4xx_HAL_Driver/Src/stm32f4xx_hal_i2c.o
                0x080082e6                HAL_I2C_MasterTxCpltCallback
 .text.HAL_I2C_MasterRxCpltCallback
                0x080082fa       0x14 ./Drivers/STM32F4xx_HAL_Driver/Src/stm32f4xx_hal_i2c.o
                0x080082fa                HAL_I2C_MasterRxCpltCallback
 .text.HAL_I2C_SlaveTxCpltCallback
                0x0800830e       0x14 ./Drivers/STM32F4xx_HAL_Driver/Src/stm32f4xx_hal_i2c.o
                0x0800830e                HAL_I2C_SlaveTxCpltCallback
 .text.HAL_I2C_SlaveRxCpltCallback
                0x08008322       0x14 ./Drivers/STM32F4xx_HAL_Driver/Src/stm32f4xx_hal_i2c.o
                0x08008322                HAL_I2C_SlaveRxCpltCallback
 .text.HAL_I2C_AddrCallback
                0x08008336       0x1c ./Drivers/STM32F4xx_HAL_Driver/Src/stm32f4xx_hal_i2c.o
                0x08008336                HAL_I2C_AddrCallback
 .text.HAL_I2C_ListenCpltCallback
                0x08008352       0x14 ./Drivers/STM32F4xx_HAL_Driver/Src/stm32f4xx_hal_i2c.o
                0x08008352                HAL_I2C_ListenCpltCallback
 .text.HAL_I2C_MemTxCpltCallback
                0x08008366       0x14 ./Drivers/STM32F4xx_HAL_Driver/Src/stm32f4xx_hal_i2c.o
                0x08008366                HAL_I2C_MemTxCpltCallback
 .text.HAL_I2C_MemRxCpltCallback
                0x0800837a       0x14 ./Drivers/STM32F4xx_HAL_Driver/Src/stm32f4xx_hal_i2c.o
                0x0800837a                HAL_I2C_MemRxCpltCallback
 .text.HAL_I2C_ErrorCallback
                0x0800838e       0x14 ./Drivers/STM32F4xx_HAL_Driver/Src/stm32f4xx_hal_i2c.o
                0x0800838e                HAL_I2C_ErrorCallback
 .text.HAL_I2C_AbortCpltCallback
                0x080083a2       0x14 ./Drivers/STM32F4xx_HAL_Driver/Src/stm32f4xx_hal_i2c.o
                0x080083a2                HAL_I2C_AbortCpltCallback
 .text.I2C_MasterTransmit_TXE
                0x080083b6      0x138 ./Drivers/STM32F4xx_HAL_Driver/Src/stm32f4xx_hal_i2c.o
 .text.I2C_MasterTransmit_BTF
                0x080084ee       0xec ./Drivers/STM32F4xx_HAL_Driver/Src/stm32f4xx_hal_i2c.o
 .text.I2C_MemoryTransmit_TXE_BTF
                0x080085da      0x130 ./Drivers/STM32F4xx_HAL_Driver/Src/stm32f4xx_hal_i2c.o
 .text.I2C_MasterReceive_RXNE
                0x0800870a      0x190 ./Drivers/STM32F4xx_HAL_Driver/Src/stm32f4xx_hal_i2c.o
 .text.I2C_MasterReceive_BTF
                0x0800889a      0x1e2 ./Drivers/STM32F4xx_HAL_Driver/Src/stm32f4xx_hal_i2c.o
 .text.I2C_Master_SB
                0x08008a7c      0x10c ./Drivers/STM32F4xx_HAL_Driver/Src/stm32f4xx_hal_i2c.o
 .text.I2C_Master_ADD10
                0x08008b88       0x54 ./Drivers/STM32F4xx_HAL_Driver/Src/stm32f4xx_hal_i2c.o
 .text.I2C_Master_ADDR
                0x08008bdc      0x322 ./Drivers/STM32F4xx_HAL_Driver/Src/stm32f4xx_hal_i2c.o
 .text.I2C_SlaveTransmit_TXE
                0x08008efe       0x7a ./Drivers/STM32F4xx_HAL_Driver/Src/stm32f4xx_hal_i2c.o
 .text.I2C_SlaveTransmit_BTF
                0x08008f78       0x42 ./Drivers/STM32F4xx_HAL_Driver/Src/stm32f4xx_hal_i2c.o
 .text.I2C_SlaveReceive_RXNE
                0x08008fba       0x7c ./Drivers/STM32F4xx_HAL_Driver/Src/stm32f4xx_hal_i2c.o
 .text.I2C_SlaveReceive_BTF
                0x08009036       0x44 ./Drivers/STM32F4xx_HAL_Driver/Src/stm32f4xx_hal_i2c.o
 .text.I2C_Slave_ADDR
                0x0800907a       0x94 ./Drivers/STM32F4xx_HAL_Driver/Src/stm32f4xx_hal_i2c.o
 *fill*         0x0800910e        0x2 
 .text.I2C_Slave_STOPF
                0x08009110      0x260 ./Drivers/STM32F4xx_HAL_Driver/Src/stm32f4xx_hal_i2c.o
 .text.I2C_Slave_AF
                0x08009370       0xe8 ./Drivers/STM32F4xx_HAL_Driver/Src/stm32f4xx_hal_i2c.o
 .text.I2C_ITError
                0x08009458      0x264 ./Drivers/STM32F4xx_HAL_Driver/Src/stm32f4xx_hal_i2c.o
 .text.I2C_DMAAbort
                0x080096bc      0x150 ./Drivers/STM32F4xx_HAL_Driver/Src/stm32f4xx_hal_i2c.o
 .text.I2C_WaitOnSTOPRequestThroughIT
                0x0800980c       0x64 ./Drivers/STM32F4xx_HAL_Driver/Src/stm32f4xx_hal_i2c.o
 .text.I2C_ConvertOtherXferOptions
                0x08009870       0x36 ./Drivers/STM32F4xx_HAL_Driver/Src/stm32f4xx_hal_i2c.o
 *fill*         0x080098a6        0x2 
 .text.HAL_RCC_ClockConfig
                0x080098a8      0x1cc ./Drivers/STM32F4xx_HAL_Driver/Src/stm32f4xx_hal_rcc.o
                0x080098a8                HAL_RCC_ClockConfig
 .text.HAL_RCC_GetHCLKFreq
                0x08009a74       0x18 ./Drivers/STM32F4xx_HAL_Driver/Src/stm32f4xx_hal_rcc.o
                0x08009a74                HAL_RCC_GetHCLKFreq
 .text.HAL_RCC_GetPCLK1Freq
                0x08009a8c       0x28 ./Drivers/STM32F4xx_HAL_Driver/Src/stm32f4xx_hal_rcc.o
                0x08009a8c                HAL_RCC_GetPCLK1Freq
 .text.HAL_RCC_GetPCLK2Freq
                0x08009ab4       0x28 ./Drivers/STM32F4xx_HAL_Driver/Src/stm32f4xx_hal_rcc.o
                0x08009ab4                HAL_RCC_GetPCLK2Freq
 .text.HAL_RCC_GetSysClockFreq
                0x08009adc      0x460 ./Drivers/STM32F4xx_HAL_Driver/Src/stm32f4xx_hal_rcc_ex.o
                0x08009adc                HAL_RCC_GetSysClockFreq
 .text.HAL_RCC_OscConfig
                0x08009f3c      0x53c ./Drivers/STM32F4xx_HAL_Driver/Src/stm32f4xx_hal_rcc_ex.o
                0x08009f3c                HAL_RCC_OscConfig
 .text.HAL_SPI_Init
                0x0800a478      0x112 ./Drivers/STM32F4xx_HAL_Driver/Src/stm32f4xx_hal_spi.o
                0x0800a478                HAL_SPI_Init
 .text.HAL_SPI_Transmit
                0x0800a58a      0x288 ./Drivers/STM32F4xx_HAL_Driver/Src/stm32f4xx_hal_spi.o
                0x0800a58a                HAL_SPI_Transmit
 .text.HAL_SPI_Receive
                0x0800a812      0x232 ./Drivers/STM32F4xx_HAL_Driver/Src/stm32f4xx_hal_spi.o
                0x0800a812                HAL_SPI_Receive
 .text.HAL_SPI_TransmitReceive
                0x0800aa44      0x352 ./Drivers/STM32F4xx_HAL_Driver/Src/stm32f4xx_hal_spi.o
                0x0800aa44                HAL_SPI_TransmitReceive
 *fill*         0x0800ad96        0x2 
 .text.HAL_SPI_Transmit_DMA
                0x0800ad98      0x164 ./Drivers/STM32F4xx_HAL_Driver/Src/stm32f4xx_hal_spi.o
                0x0800ad98                HAL_SPI_Transmit_DMA
 .text.HAL_SPI_IRQHandler
                0x0800aefc      0x200 ./Drivers/STM32F4xx_HAL_Driver/Src/stm32f4xx_hal_spi.o
                0x0800aefc                HAL_SPI_IRQHandler
 .text.HAL_SPI_TxCpltCallback
                0x0800b0fc       0x14 ./Drivers/STM32F4xx_HAL_Driver/Src/stm32f4xx_hal_spi.o
                0x0800b0fc                HAL_SPI_TxCpltCallback
 .text.HAL_SPI_TxHalfCpltCallback
                0x0800b110       0x14 ./Drivers/STM32F4xx_HAL_Driver/Src/stm32f4xx_hal_spi.o
                0x0800b110                HAL_SPI_TxHalfCpltCallback
 .text.HAL_SPI_ErrorCallback
                0x0800b124       0x14 ./Drivers/STM32F4xx_HAL_Driver/Src/stm32f4xx_hal_spi.o
                0x0800b124                HAL_SPI_ErrorCallback
 .text.SPI_DMATransmitCplt
                0x0800b138       0xa8 ./Drivers/STM32F4xx_HAL_Driver/Src/stm32f4xx_hal_spi.o
 .text.SPI_DMAHalfTransmitCplt
                0x0800b1e0       0x1c ./Drivers/STM32F4xx_HAL_Driver/Src/stm32f4xx_hal_spi.o
 .text.SPI_DMAError
                0x0800b1fc       0x40 ./Drivers/STM32F4xx_HAL_Driver/Src/stm32f4xx_hal_spi.o
 .text.SPI_DMAAbortOnError
                0x0800b23c       0x28 ./Drivers/STM32F4xx_HAL_Driver/Src/stm32f4xx_hal_spi.o
 .text.SPI_WaitFlagStateUntilTimeout
                0x0800b264      0x110 ./Drivers/STM32F4xx_HAL_Driver/Src/stm32f4xx_hal_spi.o
 .text.SPI_EndRxTransaction
                0x0800b374       0xca ./Drivers/STM32F4xx_HAL_Driver/Src/stm32f4xx_hal_spi.o
 *fill*         0x0800b43e        0x2 
 .text.SPI_EndRxTxTransaction
                0x0800b440       0xa8 ./Drivers/STM32F4xx_HAL_Driver/Src/stm32f4xx_hal_spi.o
 .text.HAL_TIM_Base_Init
                0x0800b4e8       0x9e ./Drivers/STM32F4xx_HAL_Driver/Src/stm32f4xx_hal_tim.o
                0x0800b4e8                HAL_TIM_Base_Init
 .text.HAL_TIM_PWM_Init
                0x0800b586       0x9e ./Drivers/STM32F4xx_HAL_Driver/Src/stm32f4xx_hal_tim.o
                0x0800b586                HAL_TIM_PWM_Init
 .text.HAL_TIM_PWM_MspInit
                0x0800b624       0x14 ./Drivers/STM32F4xx_HAL_Driver/Src/stm32f4xx_hal_tim.o
                0x0800b624                HAL_TIM_PWM_MspInit
 .text.HAL_TIM_IC_Init
                0x0800b638       0x9e ./Drivers/STM32F4xx_HAL_Driver/Src/stm32f4xx_hal_tim.o
                0x0800b638                HAL_TIM_IC_Init
 .text.HAL_TIM_IC_MspInit
                0x0800b6d6       0x14 ./Drivers/STM32F4xx_HAL_Driver/Src/stm32f4xx_hal_tim.o
                0x0800b6d6                HAL_TIM_IC_MspInit
 .text.HAL_TIM_IRQHandler
                0x0800b6ea      0x1e0 ./Drivers/STM32F4xx_HAL_Driver/Src/stm32f4xx_hal_tim.o
                0x0800b6ea                HAL_TIM_IRQHandler
 .text.HAL_TIM_IC_ConfigChannel
                0x0800b8ca      0x138 ./Drivers/STM32F4xx_HAL_Driver/Src/stm32f4xx_hal_tim.o
                0x0800b8ca                HAL_TIM_IC_ConfigChannel
 *fill*         0x0800ba02        0x2 
 .text.HAL_TIM_PWM_ConfigChannel
                0x0800ba04      0x184 ./Drivers/STM32F4xx_HAL_Driver/Src/stm32f4xx_hal_tim.o
                0x0800ba04                HAL_TIM_PWM_ConfigChannel
 .text.HAL_TIM_ConfigClockSource
                0x0800bb88      0x18e ./Drivers/STM32F4xx_HAL_Driver/Src/stm32f4xx_hal_tim.o
                0x0800bb88                HAL_TIM_ConfigClockSource
 .text.HAL_TIM_PeriodElapsedCallback
                0x0800bd16       0x14 ./Drivers/STM32F4xx_HAL_Driver/Src/stm32f4xx_hal_tim.o
                0x0800bd16                HAL_TIM_PeriodElapsedCallback
 .text.HAL_TIM_OC_DelayElapsedCallback
                0x0800bd2a       0x14 ./Drivers/STM32F4xx_HAL_Driver/Src/stm32f4xx_hal_tim.o
                0x0800bd2a                HAL_TIM_OC_DelayElapsedCallback
 .text.HAL_TIM_IC_CaptureCallback
                0x0800bd3e       0x14 ./Drivers/STM32F4xx_HAL_Driver/Src/stm32f4xx_hal_tim.o
                0x0800bd3e                HAL_TIM_IC_CaptureCallback
 .text.HAL_TIM_PWM_PulseFinishedCallback
                0x0800bd52       0x14 ./Drivers/STM32F4xx_HAL_Driver/Src/stm32f4xx_hal_tim.o
                0x0800bd52                HAL_TIM_PWM_PulseFinishedCallback
 .text.HAL_TIM_TriggerCallback
                0x0800bd66       0x14 ./Drivers/STM32F4xx_HAL_Driver/Src/stm32f4xx_hal_tim.o
                0x0800bd66                HAL_TIM_TriggerCallback
 *fill*         0x0800bd7a        0x2 
 .text.TIM_Base_SetConfig
                0x0800bd7c      0x14c ./Drivers/STM32F4xx_HAL_Driver/Src/stm32f4xx_hal_tim.o
                0x0800bd7c                TIM_Base_SetConfig
 .text.TIM_OC1_SetConfig
                0x0800bec8       0xe0 ./Drivers/STM32F4xx_HAL_Driver/Src/stm32f4xx_hal_tim.o
 .text.TIM_OC2_SetConfig
                0x0800bfa8       0xec ./Drivers/STM32F4xx_HAL_Driver/Src/stm32f4xx_hal_tim.o
                0x0800bfa8                TIM_OC2_SetConfig
 .text.TIM_OC3_SetConfig
                0x0800c094       0xe8 ./Drivers/STM32F4xx_HAL_Driver/Src/stm32f4xx_hal_tim.o
 .text.TIM_OC4_SetConfig
                0x0800c17c       0xac ./Drivers/STM32F4xx_HAL_Driver/Src/stm32f4xx_hal_tim.o
 .text.TIM_TI1_SetConfig
                0x0800c228       0xe8 ./Drivers/STM32F4xx_HAL_Driver/Src/stm32f4xx_hal_tim.o
                0x0800c228                TIM_TI1_SetConfig
 .text.TIM_TI1_ConfigInputStage
                0x0800c310       0x5e ./Drivers/STM32F4xx_HAL_Driver/Src/stm32f4xx_hal_tim.o
 .text.TIM_TI2_SetConfig
                0x0800c36e       0x7a ./Drivers/STM32F4xx_HAL_Driver/Src/stm32f4xx_hal_tim.o
 .text.TIM_TI2_ConfigInputStage
                0x0800c3e8       0x60 ./Drivers/STM32F4xx_HAL_Driver/Src/stm32f4xx_hal_tim.o
 .text.TIM_TI3_SetConfig
                0x0800c448       0x78 ./Drivers/STM32F4xx_HAL_Driver/Src/stm32f4xx_hal_tim.o
 .text.TIM_TI4_SetConfig
                0x0800c4c0       0x7a ./Drivers/STM32F4xx_HAL_Driver/Src/stm32f4xx_hal_tim.o
 .text.TIM_ITRx_SetConfig
                0x0800c53a       0x36 ./Drivers/STM32F4xx_HAL_Driver/Src/stm32f4xx_hal_tim.o
 .text.TIM_ETR_SetConfig
                0x0800c570       0x40 ./Drivers/STM32F4xx_HAL_Driver/Src/stm32f4xx_hal_tim.o
                0x0800c570                TIM_ETR_SetConfig
 .text.HAL_TIMEx_MasterConfigSynchronization
                0x0800c5b0       0xf8 ./Drivers/STM32F4xx_HAL_Driver/Src/stm32f4xx_hal_tim_ex.o
                0x0800c5b0                HAL_TIMEx_MasterConfigSynchronization
 .text.HAL_TIMEx_ConfigBreakDeadTime
                0x0800c6a8       0xa4 ./Drivers/STM32F4xx_HAL_Driver/Src/stm32f4xx_hal_tim_ex.o
                0x0800c6a8                HAL_TIMEx_ConfigBreakDeadTime
 .text.HAL_TIMEx_CommutCallback
                0x0800c74c       0x14 ./Drivers/STM32F4xx_HAL_Driver/Src/stm32f4xx_hal_tim_ex.o
                0x0800c74c                HAL_TIMEx_CommutCallback
 .text.HAL_TIMEx_BreakCallback
                0x0800c760       0x14 ./Drivers/STM32F4xx_HAL_Driver/Src/stm32f4xx_hal_tim_ex.o
                0x0800c760                HAL_TIMEx_BreakCallback
 .text.HAL_UART_Init
                0x0800c774       0xa0 ./Drivers/STM32F4xx_HAL_Driver/Src/stm32f4xx_hal_uart.o
                0x0800c774                HAL_UART_Init
 .text.HAL_UART_IRQHandler
                0x0800c814      0x554 ./Drivers/STM32F4xx_HAL_Driver/Src/stm32f4xx_hal_uart.o
                0x0800c814                HAL_UART_IRQHandler
 .text.HAL_UART_TxCpltCallback
                0x0800cd68       0x14 ./Drivers/STM32F4xx_HAL_Driver/Src/stm32f4xx_hal_uart.o
                0x0800cd68                HAL_UART_TxCpltCallback
 .text.HAL_UART_RxCpltCallback
                0x0800cd7c       0x14 ./Drivers/STM32F4xx_HAL_Driver/Src/stm32f4xx_hal_uart.o
                0x0800cd7c                HAL_UART_RxCpltCallback
 .text.HAL_UART_ErrorCallback
                0x0800cd90       0x14 ./Drivers/STM32F4xx_HAL_Driver/Src/stm32f4xx_hal_uart.o
                0x0800cd90                HAL_UART_ErrorCallback
 .text.HAL_UARTEx_RxEventCallback
                0x0800cda4       0x18 ./Drivers/STM32F4xx_HAL_Driver/Src/stm32f4xx_hal_uart.o
                0x0800cda4                HAL_UARTEx_RxEventCallback
 .text.UART_EndRxTransfer
                0x0800cdbc       0xc6 ./Drivers/STM32F4xx_HAL_Driver/Src/stm32f4xx_hal_uart.o
 .text.UART_DMAAbortOnError
                0x0800ce82       0x22 ./Drivers/STM32F4xx_HAL_Driver/Src/stm32f4xx_hal_uart.o
 .text.UART_Transmit_IT
                0x0800cea4       0xa0 ./Drivers/STM32F4xx_HAL_Driver/Src/stm32f4xx_hal_uart.o
 .text.UART_EndTransmit_IT
                0x0800cf44       0x30 ./Drivers/STM32F4xx_HAL_Driver/Src/stm32f4xx_hal_uart.o
 .text.UART_Receive_IT
                0x0800cf74      0x17c ./Drivers/STM32F4xx_HAL_Driver/Src/stm32f4xx_hal_uart.o
 .text.UART_SetConfig
                0x0800d0f0      0x4e8 ./Drivers/STM32F4xx_HAL_Driver/Src/stm32f4xx_hal_uart.o
 .text._ZdlPvj  0x0800d5d8        0x4 C:/ST/STM32CubeIDE_1.19.0/STM32CubeIDE/plugins/com.st.stm32cube.ide.mcu.externaltools.gnu-tools-for-stm32.13.3.rel1.win32_1.0.0.202411081344/tools/bin/../lib/gcc/arm-none-eabi/13.3.1/../../../../arm-none-eabi/lib/thumb/v7e-m+fp/hard\libstdc++_nano.a(del_ops.o)
                0x0800d5d8                operator delete(void*, unsigned int)
 .text._Znwj    0x0800d5dc       0x22 C:/ST/STM32CubeIDE_1.19.0/STM32CubeIDE/plugins/com.st.stm32cube.ide.mcu.externaltools.gnu-tools-for-stm32.13.3.rel1.win32_1.0.0.202411081344/tools/bin/../lib/gcc/arm-none-eabi/13.3.1/../../../../arm-none-eabi/lib/thumb/v7e-m+fp/hard\libstdc++_nano.a(new_op.o)
                0x0800d5dc                operator new(unsigned int)
 .text.unlikely._ZSt17__throw_bad_allocv
                0x0800d5fe        0x6 C:/ST/STM32CubeIDE_1.19.0/STM32CubeIDE/plugins/com.st.stm32cube.ide.mcu.externaltools.gnu-tools-for-stm32.13.3.rel1.win32_1.0.0.202411081344/tools/bin/../lib/gcc/arm-none-eabi/13.3.1/../../../../arm-none-eabi/lib/thumb/v7e-m+fp/hard\libstdc++_nano.a(functexcept.o)
                0x0800d5fe                std::__throw_bad_alloc()
 .text.unlikely._ZSt28__throw_bad_array_new_lengthv
                0x0800d604        0x6 C:/ST/STM32CubeIDE_1.19.0/STM32CubeIDE/plugins/com.st.stm32cube.ide.mcu.externaltools.gnu-tools-for-stm32.13.3.rel1.win32_1.0.0.202411081344/tools/bin/../lib/gcc/arm-none-eabi/13.3.1/../../../../arm-none-eabi/lib/thumb/v7e-m+fp/hard\libstdc++_nano.a(functexcept.o)
                0x0800d604                std::__throw_bad_array_new_length()
 .text.unlikely._ZSt19__throw_logic_errorPKc
                0x0800d60a        0x6 C:/ST/STM32CubeIDE_1.19.0/STM32CubeIDE/plugins/com.st.stm32cube.ide.mcu.externaltools.gnu-tools-for-stm32.13.3.rel1.win32_1.0.0.202411081344/tools/bin/../lib/gcc/arm-none-eabi/13.3.1/../../../../arm-none-eabi/lib/thumb/v7e-m+fp/hard\libstdc++_nano.a(functexcept.o)
                0x0800d60a                std::__throw_logic_error(char const*)
 .text.unlikely._ZSt20__throw_length_errorPKc
                0x0800d610        0x6 C:/ST/STM32CubeIDE_1.19.0/STM32CubeIDE/plugins/com.st.stm32cube.ide.mcu.externaltools.gnu-tools-for-stm32.13.3.rel1.win32_1.0.0.202411081344/tools/bin/../lib/gcc/arm-none-eabi/13.3.1/../../../../arm-none-eabi/lib/thumb/v7e-m+fp/hard\libstdc++_nano.a(functexcept.o)
                0x0800d610                std::__throw_length_error(char const*)
 .text._ZNSt11char_traitsIcE4copyEPcPKcj.isra.0
                0x0800d616        0x8 C:/ST/STM32CubeIDE_1.19.0/STM32CubeIDE/plugins/com.st.stm32cube.ide.mcu.externaltools.gnu-tools-for-stm32.13.3.rel1.win32_1.0.0.202411081344/tools/bin/../lib/gcc/arm-none-eabi/13.3.1/../../../../arm-none-eabi/lib/thumb/v7e-m+fp/hard\libstdc++_nano.a(string-inst.o)
 .text._ZNSt7__cxx1112basic_stringIcSt11char_traitsIcESaIcEE11_S_allocateERS3_j
                0x0800d61e       0x12 C:/ST/STM32CubeIDE_1.19.0/STM32CubeIDE/plugins/com.st.stm32cube.ide.mcu.externaltools.gnu-tools-for-stm32.13.3.rel1.win32_1.0.0.202411081344/tools/bin/../lib/gcc/arm-none-eabi/13.3.1/../../../../arm-none-eabi/lib/thumb/v7e-m+fp/hard\libstdc++_nano.a(string-inst.o)
                0x0800d61e                std::__cxx11::basic_string<char, std::char_traits<char>, std::allocator<char> >::_S_allocate(std::allocator<char>&, unsigned int)
 .text._ZNKSt7__cxx1112basic_stringIcSt11char_traitsIcESaIcEE11_M_is_localEv
                0x0800d630        0xc C:/ST/STM32CubeIDE_1.19.0/STM32CubeIDE/plugins/com.st.stm32cube.ide.mcu.externaltools.gnu-tools-for-stm32.13.3.rel1.win32_1.0.0.202411081344/tools/bin/../lib/gcc/arm-none-eabi/13.3.1/../../../../arm-none-eabi/lib/thumb/v7e-m+fp/hard\libstdc++_nano.a(string-inst.o)
                0x0800d630                std::__cxx11::basic_string<char, std::char_traits<char>, std::allocator<char> >::_M_is_local() const
 .text._ZNSt7__cxx1112basic_stringIcSt11char_traitsIcESaIcEE9_M_createERjj
                0x0800d63c       0x3c C:/ST/STM32CubeIDE_1.19.0/STM32CubeIDE/plugins/com.st.stm32cube.ide.mcu.externaltools.gnu-tools-for-stm32.13.3.rel1.win32_1.0.0.202411081344/tools/bin/../lib/gcc/arm-none-eabi/13.3.1/../../../../arm-none-eabi/lib/thumb/v7e-m+fp/hard\libstdc++_nano.a(string-inst.o)
                0x0800d63c                std::__cxx11::basic_string<char, std::char_traits<char>, std::allocator<char> >::_M_create(unsigned int&, unsigned int)
 .text._ZNSt7__cxx1112basic_stringIcSt11char_traitsIcESaIcEE10_M_destroyEj
                0x0800d678        0x6 C:/ST/STM32CubeIDE_1.19.0/STM32CubeIDE/plugins/com.st.stm32cube.ide.mcu.externaltools.gnu-tools-for-stm32.13.3.rel1.win32_1.0.0.202411081344/tools/bin/../lib/gcc/arm-none-eabi/13.3.1/../../../../arm-none-eabi/lib/thumb/v7e-m+fp/hard\libstdc++_nano.a(string-inst.o)
                0x0800d678                std::__cxx11::basic_string<char, std::char_traits<char>, std::allocator<char> >::_M_destroy(unsigned int)
 .text._ZNSt7__cxx1112basic_stringIcSt11char_traitsIcESaIcEE10_M_disposeEv
                0x0800d67e       0x14 C:/ST/STM32CubeIDE_1.19.0/STM32CubeIDE/plugins/com.st.stm32cube.ide.mcu.externaltools.gnu-tools-for-stm32.13.3.rel1.win32_1.0.0.202411081344/tools/bin/../lib/gcc/arm-none-eabi/13.3.1/../../../../arm-none-eabi/lib/thumb/v7e-m+fp/hard\libstdc++_nano.a(string-inst.o)
                0x0800d67e                std::__cxx11::basic_string<char, std::char_traits<char>, std::allocator<char> >::_M_dispose()
 .text._ZNSt7__cxx1112basic_stringIcSt11char_traitsIcESaIcEE7_S_copyEPcPKcj
                0x0800d692       0x18 C:/ST/STM32CubeIDE_1.19.0/STM32CubeIDE/plugins/com.st.stm32cube.ide.mcu.externaltools.gnu-tools-for-stm32.13.3.rel1.win32_1.0.0.202411081344/tools/bin/../lib/gcc/arm-none-eabi/13.3.1/../../../../arm-none-eabi/lib/thumb/v7e-m+fp/hard\libstdc++_nano.a(string-inst.o)
                0x0800d692                std::__cxx11::basic_string<char, std::char_traits<char>, std::allocator<char> >::_S_copy(char*, char const*, unsigned int)
 .text._ZNSt7__cxx1112basic_stringIcSt11char_traitsIcESaIcEE13_S_copy_charsEPcPKcS7_
                0x0800d6aa        0xa C:/ST/STM32CubeIDE_1.19.0/STM32CubeIDE/plugins/com.st.stm32cube.ide.mcu.externaltools.gnu-tools-for-stm32.13.3.rel1.win32_1.0.0.202411081344/tools/bin/../lib/gcc/arm-none-eabi/13.3.1/../../../../arm-none-eabi/lib/thumb/v7e-m+fp/hard\libstdc++_nano.a(string-inst.o)
                0x0800d6aa                std::__cxx11::basic_string<char, std::char_traits<char>, std::allocator<char> >::_S_copy_chars(char*, char const*, char const*)
 .text._ZNSt7__cxx1112basic_stringIcSt11char_traitsIcESaIcEED2Ev
                0x0800d6b4        0xc C:/ST/STM32CubeIDE_1.19.0/STM32CubeIDE/plugins/com.st.stm32cube.ide.mcu.externaltools.gnu-tools-for-stm32.13.3.rel1.win32_1.0.0.202411081344/tools/bin/../lib/gcc/arm-none-eabi/13.3.1/../../../../arm-none-eabi/lib/thumb/v7e-m+fp/hard\libstdc++_nano.a(string-inst.o)
                0x0800d6b4                std::__cxx11::basic_string<char, std::char_traits<char>, std::allocator<char> >::~basic_string()
                0x0800d6b4                std::__cxx11::basic_string<char, std::char_traits<char>, std::allocator<char> >::~basic_string()
 .text._ZNKSt7__cxx1112basic_stringIcSt11char_traitsIcESaIcEE5c_strEv
                0x0800d6c0        0x4 C:/ST/STM32CubeIDE_1.19.0/STM32CubeIDE/plugins/com.st.stm32cube.ide.mcu.externaltools.gnu-tools-for-stm32.13.3.rel1.win32_1.0.0.202411081344/tools/bin/../lib/gcc/arm-none-eabi/13.3.1/../../../../arm-none-eabi/lib/thumb/v7e-m+fp/hard\libstdc++_nano.a(string-inst.o)
                0x0800d6c0                std::__cxx11::basic_string<char, std::char_traits<char>, std::allocator<char> >::c_str() const
 .text._ZNSt7__cxx1112basic_stringIcSt11char_traitsIcESaIcEE12_M_constructIPKcEEvT_S8_St20forward_iterator_tag
                0x0800d6c4       0x36 C:/ST/STM32CubeIDE_1.19.0/STM32CubeIDE/plugins/com.st.stm32cube.ide.mcu.externaltools.gnu-tools-for-stm32.13.3.rel1.win32_1.0.0.202411081344/tools/bin/../lib/gcc/arm-none-eabi/13.3.1/../../../../arm-none-eabi/lib/thumb/v7e-m+fp/hard\libstdc++_nano.a(string-inst.o)
                0x0800d6c4                void std::__cxx11::basic_string<char, std::char_traits<char>, std::allocator<char> >::_M_construct<char const*>(char const*, char const*, std::forward_iterator_tag)
 *fill*         0x0800d6fa        0x2 
 .text._ZNSt7__cxx1112basic_stringIcSt11char_traitsIcESaIcEEC2EPKcRKS3_
                0x0800d6fc       0x30 C:/ST/STM32CubeIDE_1.19.0/STM32CubeIDE/plugins/com.st.stm32cube.ide.mcu.externaltools.gnu-tools-for-stm32.13.3.rel1.win32_1.0.0.202411081344/tools/bin/../lib/gcc/arm-none-eabi/13.3.1/../../../../arm-none-eabi/lib/thumb/v7e-m+fp/hard\libstdc++_nano.a(string-inst.o)
                0x0800d6fc                std::__cxx11::basic_string<char, std::char_traits<char>, std::allocator<char> >::basic_string(char const*, std::allocator<char> const&)
                0x0800d6fc                std::__cxx11::basic_string<char, std::char_traits<char>, std::allocator<char> >::basic_string(char const*, std::allocator<char> const&)
 .text._ZdlPv   0x0800d72c        0x4 C:/ST/STM32CubeIDE_1.19.0/STM32CubeIDE/plugins/com.st.stm32cube.ide.mcu.externaltools.gnu-tools-for-stm32.13.3.rel1.win32_1.0.0.202411081344/tools/bin/../lib/gcc/arm-none-eabi/13.3.1/../../../../arm-none-eabi/lib/thumb/v7e-m+fp/hard\libstdc++_nano.a(del_op.o)
                0x0800d72c                operator delete(void*)
 .text._ZSt15get_new_handlerv
                0x0800d730       0x10 C:/ST/STM32CubeIDE_1.19.0/STM32CubeIDE/plugins/com.st.stm32cube.ide.mcu.externaltools.gnu-tools-for-stm32.13.3.rel1.win32_1.0.0.202411081344/tools/bin/../lib/gcc/arm-none-eabi/13.3.1/../../../../arm-none-eabi/lib/thumb/v7e-m+fp/hard\libstdc++_nano.a(new_handler.o)
                0x0800d730                std::get_new_handler()
 .text.cos      0x0800d740       0xa8 C:/ST/STM32CubeIDE_1.19.0/STM32CubeIDE/plugins/com.st.stm32cube.ide.mcu.externaltools.gnu-tools-for-stm32.13.3.rel1.win32_1.0.0.202411081344/tools/bin/../lib/gcc/arm-none-eabi/13.3.1/../../../../arm-none-eabi/lib/thumb/v7e-m+fp/hard\libm.a(libm_a-s_cos.o)
                0x0800d740                cos
 .text.sin      0x0800d7e8       0xa8 C:/ST/STM32CubeIDE_1.19.0/STM32CubeIDE/plugins/com.st.stm32cube.ide.mcu.externaltools.gnu-tools-for-stm32.13.3.rel1.win32_1.0.0.202411081344/tools/bin/../lib/gcc/arm-none-eabi/13.3.1/../../../../arm-none-eabi/lib/thumb/v7e-m+fp/hard\libm.a(libm_a-s_sin.o)
                0x0800d7e8                sin
 .text.fmodf    0x0800d890       0x40 C:/ST/STM32CubeIDE_1.19.0/STM32CubeIDE/plugins/com.st.stm32cube.ide.mcu.externaltools.gnu-tools-for-stm32.13.3.rel1.win32_1.0.0.202411081344/tools/bin/../lib/gcc/arm-none-eabi/13.3.1/../../../../arm-none-eabi/lib/thumb/v7e-m+fp/hard\libm.a(libm_a-wf_fmod.o)
                0x0800d890                fmodf
 .text.__kernel_cos
                0x0800d8d0      0x18c C:/ST/STM32CubeIDE_1.19.0/STM32CubeIDE/plugins/com.st.stm32cube.ide.mcu.externaltools.gnu-tools-for-stm32.13.3.rel1.win32_1.0.0.202411081344/tools/bin/../lib/gcc/arm-none-eabi/13.3.1/../../../../arm-none-eabi/lib/thumb/v7e-m+fp/hard\libm.a(libm_a-k_cos.o)
                0x0800d8d0                __kernel_cos
 *fill*         0x0800da5c        0x4 
 .text.__kernel_sin
                0x0800da60      0x174 C:/ST/STM32CubeIDE_1.19.0/STM32CubeIDE/plugins/com.st.stm32cube.ide.mcu.externaltools.gnu-tools-for-stm32.13.3.rel1.win32_1.0.0.202411081344/tools/bin/../lib/gcc/arm-none-eabi/13.3.1/../../../../arm-none-eabi/lib/thumb/v7e-m+fp/hard\libm.a(libm_a-k_sin.o)
                0x0800da60                __kernel_sin
 *fill*         0x0800dbd4        0x4 
 .text.__ieee754_rem_pio2
                0x0800dbd8      0x3f8 C:/ST/STM32CubeIDE_1.19.0/STM32CubeIDE/plugins/com.st.stm32cube.ide.mcu.externaltools.gnu-tools-for-stm32.13.3.rel1.win32_1.0.0.202411081344/tools/bin/../lib/gcc/arm-none-eabi/13.3.1/../../../../arm-none-eabi/lib/thumb/v7e-m+fp/hard\libm.a(libm_a-e_rem_pio2.o)
                0x0800dbd8                __ieee754_rem_pio2
 .text.fabs     0x0800dfd0       0x10 C:/ST/STM32CubeIDE_1.19.0/STM32CubeIDE/plugins/com.st.stm32cube.ide.mcu.externaltools.gnu-tools-for-stm32.13.3.rel1.win32_1.0.0.202411081344/tools/bin/../lib/gcc/arm-none-eabi/13.3.1/../../../../arm-none-eabi/lib/thumb/v7e-m+fp/hard\libm.a(libm_a-s_fabs.o)
                0x0800dfd0                fabs
 .text.__ieee754_fmodf
                0x0800dfe0      0x104 C:/ST/STM32CubeIDE_1.19.0/STM32CubeIDE/plugins/com.st.stm32cube.ide.mcu.externaltools.gnu-tools-for-stm32.13.3.rel1.win32_1.0.0.202411081344/tools/bin/../lib/gcc/arm-none-eabi/13.3.1/../../../../arm-none-eabi/lib/thumb/v7e-m+fp/hard\libm.a(libm_a-ef_fmod.o)
                0x0800dfe0                __ieee754_fmodf
 *fill*         0x0800e0e4        0x4 
 .text.__kernel_rem_pio2
                0x0800e0e8      0x6a0 C:/ST/STM32CubeIDE_1.19.0/STM32CubeIDE/plugins/com.st.stm32cube.ide.mcu.externaltools.gnu-tools-for-stm32.13.3.rel1.win32_1.0.0.202411081344/tools/bin/../lib/gcc/arm-none-eabi/13.3.1/../../../../arm-none-eabi/lib/thumb/v7e-m+fp/hard\libm.a(libm_a-k_rem_pio2.o)
                0x0800e0e8                __kernel_rem_pio2
 .text.scalbn   0x0800e788       0xf4 C:/ST/STM32CubeIDE_1.19.0/STM32CubeIDE/plugins/com.st.stm32cube.ide.mcu.externaltools.gnu-tools-for-stm32.13.3.rel1.win32_1.0.0.202411081344/tools/bin/../lib/gcc/arm-none-eabi/13.3.1/../../../../arm-none-eabi/lib/thumb/v7e-m+fp/hard\libm.a(libm_a-s_scalbn.o)
                0x0800e788                scalbn
 *fill*         0x0800e87c        0x4 
 .text.floor    0x0800e880       0xf8 C:/ST/STM32CubeIDE_1.19.0/STM32CubeIDE/plugins/com.st.stm32cube.ide.mcu.externaltools.gnu-tools-for-stm32.13.3.rel1.win32_1.0.0.202411081344/tools/bin/../lib/gcc/arm-none-eabi/13.3.1/../../../../arm-none-eabi/lib/thumb/v7e-m+fp/hard\libm.a(libm_a-s_floor.o)
                0x0800e880                floor